<?xml version="1.0"?>
<link_info>
   <banner>TMS320C2000 Linker PC v6.2.0</banner>
   <copyright>Copyright (c) 1996-2013 Texas Instruments Incorporated</copyright>
   <link_time>0x600e3d2d</link_time>
   <link_errors>0x0</link_errors>
   <output_file>My ManipulatorV3.8.8.out</output_file>
   <entry_point>
      <name>_c_int00</name>
      <address>0x30fcf5</address>
   </entry_point>
   <input_file_list>
      <input_file id="fl-4">
         <path>.\DSP2833x_common\</path>
         <kind>object</kind>
         <file>DSP2833x_usDelay.obj</file>
         <name>DSP2833x_usDelay.obj</name>
      </input_file>
      <input_file id="fl-5">
         <path>.\DSP2833x_common\</path>
         <kind>object</kind>
         <file>DSP2833x_Xintf.obj</file>
         <name>DSP2833x_Xintf.obj</name>
      </input_file>
      <input_file id="fl-6">
         <path>.\DSP2833x_common\</path>
         <kind>object</kind>
         <file>DSP2833x_SysCtrl.obj</file>
         <name>DSP2833x_SysCtrl.obj</name>
      </input_file>
      <input_file id="fl-7">
         <path>.\DSP2833x_common\</path>
         <kind>object</kind>
         <file>DSP2833x_Spi.obj</file>
         <name>DSP2833x_Spi.obj</name>
      </input_file>
      <input_file id="fl-8">
         <path>.\DSP2833x_common\</path>
         <kind>object</kind>
         <file>DSP2833x_Sci.obj</file>
         <name>DSP2833x_Sci.obj</name>
      </input_file>
      <input_file id="fl-9">
         <path>.\DSP2833x_common\</path>
         <kind>object</kind>
         <file>DSP2833x_PieVect.obj</file>
         <name>DSP2833x_PieVect.obj</name>
      </input_file>
      <input_file id="fl-a">
         <path>.\DSP2833x_common\</path>
         <kind>object</kind>
         <file>DSP2833x_PieCtrl.obj</file>
         <name>DSP2833x_PieCtrl.obj</name>
      </input_file>
      <input_file id="fl-b">
         <path>.\DSP2833x_common\</path>
         <kind>object</kind>
         <file>DSP2833x_MemCopy.obj</file>
         <name>DSP2833x_MemCopy.obj</name>
      </input_file>
      <input_file id="fl-c">
         <path>.\DSP2833x_common\</path>
         <kind>object</kind>
         <file>DSP2833x_Mcbsp.obj</file>
         <name>DSP2833x_Mcbsp.obj</name>
      </input_file>
      <input_file id="fl-d">
         <path>.\DSP2833x_common\</path>
         <kind>object</kind>
         <file>DSP2833x_I2C.obj</file>
         <name>DSP2833x_I2C.obj</name>
      </input_file>
      <input_file id="fl-e">
         <path>.\DSP2833x_common\</path>
         <kind>object</kind>
         <file>DSP2833x_Gpio.obj</file>
         <name>DSP2833x_Gpio.obj</name>
      </input_file>
      <input_file id="fl-f">
         <path>.\DSP2833x_common\</path>
         <kind>object</kind>
         <file>DSP2833x_GlobalVariableDefs.obj</file>
         <name>DSP2833x_GlobalVariableDefs.obj</name>
      </input_file>
      <input_file id="fl-10">
         <path>.\DSP2833x_common\</path>
         <kind>object</kind>
         <file>DSP2833x_EQep.obj</file>
         <name>DSP2833x_EQep.obj</name>
      </input_file>
      <input_file id="fl-11">
         <path>.\DSP2833x_common\</path>
         <kind>object</kind>
         <file>DSP2833x_EPwm.obj</file>
         <name>DSP2833x_EPwm.obj</name>
      </input_file>
      <input_file id="fl-12">
         <path>.\DSP2833x_common\</path>
         <kind>object</kind>
         <file>DSP2833x_ECap.obj</file>
         <name>DSP2833x_ECap.obj</name>
      </input_file>
      <input_file id="fl-13">
         <path>.\DSP2833x_common\</path>
         <kind>object</kind>
         <file>DSP2833x_ECan.obj</file>
         <name>DSP2833x_ECan.obj</name>
      </input_file>
      <input_file id="fl-14">
         <path>.\DSP2833x_common\</path>
         <kind>object</kind>
         <file>DSP2833x_DisInt.obj</file>
         <name>DSP2833x_DisInt.obj</name>
      </input_file>
      <input_file id="fl-15">
         <path>.\DSP2833x_common\</path>
         <kind>object</kind>
         <file>DSP2833x_DefaultIsr.obj</file>
         <name>DSP2833x_DefaultIsr.obj</name>
      </input_file>
      <input_file id="fl-16">
         <path>.\DSP2833x_common\</path>
         <kind>object</kind>
         <file>DSP2833x_DMA.obj</file>
         <name>DSP2833x_DMA.obj</name>
      </input_file>
      <input_file id="fl-17">
         <path>.\DSP2833x_common\</path>
         <kind>object</kind>
         <file>DSP2833x_DBGIER.obj</file>
         <name>DSP2833x_DBGIER.obj</name>
      </input_file>
      <input_file id="fl-18">
         <path>.\DSP2833x_common\</path>
         <kind>object</kind>
         <file>DSP2833x_CpuTimers.obj</file>
         <name>DSP2833x_CpuTimers.obj</name>
      </input_file>
      <input_file id="fl-19">
         <path>.\DSP2833x_common\</path>
         <kind>object</kind>
         <file>DSP2833x_CodeStartBranch.obj</file>
         <name>DSP2833x_CodeStartBranch.obj</name>
      </input_file>
      <input_file id="fl-1a">
         <path>.\DSP2833x_common\</path>
         <kind>object</kind>
         <file>DSP2833x_CSMPasswords.obj</file>
         <name>DSP2833x_CSMPasswords.obj</name>
      </input_file>
      <input_file id="fl-1b">
         <path>.\DSP2833x_common\</path>
         <kind>object</kind>
         <file>DSP2833x_Adc.obj</file>
         <name>DSP2833x_Adc.obj</name>
      </input_file>
      <input_file id="fl-1c">
         <path>.\DSP2833x_common\</path>
         <kind>object</kind>
         <file>DSP2833x_ADC_cal.obj</file>
         <name>DSP2833x_ADC_cal.obj</name>
      </input_file>
      <input_file id="fl-1d">
         <path>.\source\</path>
         <kind>object</kind>
         <file>kinematic_explain.obj</file>
         <name>kinematic_explain.obj</name>
      </input_file>
      <input_file id="fl-1e">
         <path>.\source\</path>
         <kind>object</kind>
         <file>crc.obj</file>
         <name>crc.obj</name>
      </input_file>
      <input_file id="fl-1f">
         <path>.\source\</path>
         <kind>object</kind>
         <file>Touch_screen.obj</file>
         <name>Touch_screen.obj</name>
      </input_file>
      <input_file id="fl-20">
         <path>.\source\</path>
         <kind>object</kind>
         <file>ScreenApi.obj</file>
         <name>ScreenApi.obj</name>
      </input_file>
      <input_file id="fl-21">
         <path>.\source\</path>
         <kind>object</kind>
         <file>Sanxie_Servo.obj</file>
         <name>Sanxie_Servo.obj</name>
      </input_file>
      <input_file id="fl-22">
         <path>.\source\</path>
         <kind>object</kind>
         <file>ReadEncoder.obj</file>
         <name>ReadEncoder.obj</name>
      </input_file>
      <input_file id="fl-23">
         <path>.\source\</path>
         <kind>object</kind>
         <file>My_USART.obj</file>
         <name>My_USART.obj</name>
      </input_file>
      <input_file id="fl-24">
         <path>.\source\</path>
         <kind>object</kind>
         <file>My_Project.obj</file>
         <name>My_Project.obj</name>
      </input_file>
      <input_file id="fl-25">
         <path>.\source\</path>
         <kind>object</kind>
         <file>My_Delay.obj</file>
         <name>My_Delay.obj</name>
      </input_file>
      <input_file id="fl-26">
         <path>.\source\</path>
         <kind>object</kind>
         <file>Manipulatorv3.2.1.obj</file>
         <name>Manipulatorv3.2.1.obj</name>
      </input_file>
      <input_file id="fl-27">
         <path>.\source\</path>
         <kind>object</kind>
         <file>Man_Nandflash.obj</file>
         <name>Man_Nandflash.obj</name>
      </input_file>
      <input_file id="fl-28">
         <path>.\source\</path>
         <kind>object</kind>
         <file>Man_MCX31xAS.obj</file>
         <name>Man_MCX31xAS.obj</name>
      </input_file>
      <input_file id="fl-29">
         <path>.\source\</path>
         <kind>object</kind>
         <file>Man_DriverScreen.obj</file>
         <name>Man_DriverScreen.obj</name>
      </input_file>
      <input_file id="fl-2a">
         <path>.\source\</path>
         <kind>object</kind>
         <file>KeyboardDriver.obj</file>
         <name>KeyboardDriver.obj</name>
      </input_file>
      <input_file id="fl-2b">
         <path>.\source\</path>
         <kind>object</kind>
         <file>EditProgram.obj</file>
         <name>EditProgram.obj</name>
      </input_file>
      <input_file id="fl-2c">
         <path>.\source\</path>
         <kind>object</kind>
         <file>DSP28335_Spi.obj</file>
         <name>DSP28335_Spi.obj</name>
      </input_file>
      <input_file id="fl-2d">
         <path>.\source\</path>
         <kind>object</kind>
         <file>BuildProgram.obj</file>
         <name>BuildProgram.obj</name>
      </input_file>
      <input_file id="fl-35">
         <path>..\lib\</path>
         <kind>archive</kind>
         <file>rts2800_fpu32.lib</file>
         <name>boot.obj</name>
      </input_file>
      <input_file id="fl-37">
         <path>..\lib\</path>
         <kind>archive</kind>
         <file>rts2800_fpu32.lib</file>
         <name>exit.obj</name>
      </input_file>
      <input_file id="fl-38">
         <path>..\lib\</path>
         <kind>archive</kind>
         <file>rts2800_fpu32.lib</file>
         <name>_lock.obj</name>
      </input_file>
      <input_file id="fl-39">
         <path>..\lib\</path>
         <kind>archive</kind>
         <file>rts2800_fpu32.lib</file>
         <name>args_main.obj</name>
      </input_file>
      <input_file id="fl-3a">
         <path>..\lib\</path>
         <kind>archive</kind>
         <file>rts2800_fpu32_fast_supplement.lib</file>
         <name>sqrt_f32.obj</name>
      </input_file>
      <input_file id="fl-3b">
         <path>..\lib\</path>
         <kind>archive</kind>
         <file>rts2800_fpu32_fast_supplement.lib</file>
         <name>sin_f32.obj</name>
      </input_file>
      <input_file id="fl-3c">
         <path>..\lib\</path>
         <kind>archive</kind>
         <file>rts2800_fpu32_fast_supplement.lib</file>
         <name>div_f32.obj</name>
      </input_file>
      <input_file id="fl-3d">
         <path>..\lib\</path>
         <kind>archive</kind>
         <file>rts2800_fpu32_fast_supplement.lib</file>
         <name>cos_f32.obj</name>
      </input_file>
      <input_file id="fl-3e">
         <path>..\lib\</path>
         <kind>archive</kind>
         <file>rts2800_fpu32_fast_supplement.lib</file>
         <name>atan2_f32.obj</name>
      </input_file>
      <input_file id="fl-3f">
         <path>..\lib\</path>
         <kind>archive</kind>
         <file>rts2800_fpu32_fast_supplement.lib</file>
         <name>FPUmathTables.obj</name>
      </input_file>
      <input_file id="fl-40">
         <path>..\lib\</path>
         <kind>archive</kind>
         <file>rts2800_fpu32.lib</file>
         <name>acos.obj</name>
      </input_file>
      <input_file id="fl-41">
         <path>..\lib\</path>
         <kind>archive</kind>
         <file>rts2800_fpu32.lib</file>
         <name>asin.obj</name>
      </input_file>
      <input_file id="fl-42">
         <path>..\lib\</path>
         <kind>archive</kind>
         <file>rts2800_fpu32.lib</file>
         <name>atoi.obj</name>
      </input_file>
      <input_file id="fl-43">
         <path>..\lib\</path>
         <kind>archive</kind>
         <file>rts2800_fpu32.lib</file>
         <name>atol.obj</name>
      </input_file>
      <input_file id="fl-44">
         <path>..\lib\</path>
         <kind>archive</kind>
         <file>rts2800_fpu32.lib</file>
         <name>ctype.obj</name>
      </input_file>
      <input_file id="fl-45">
         <path>..\lib\</path>
         <kind>archive</kind>
         <file>rts2800_fpu32.lib</file>
         <name>errno.obj</name>
      </input_file>
      <input_file id="fl-46">
         <path>..\lib\</path>
         <kind>archive</kind>
         <file>rts2800_fpu32.lib</file>
         <name>fd_tofs.obj</name>
      </input_file>
      <input_file id="fl-47">
         <path>..\lib\</path>
         <kind>archive</kind>
         <file>rts2800_fpu32.lib</file>
         <name>fs_tofd.obj</name>
      </input_file>
      <input_file id="fl-48">
         <path>..\lib\</path>
         <kind>archive</kind>
         <file>rts2800_fpu32.lib</file>
         <name>fs_toll.obj</name>
      </input_file>
      <input_file id="fl-49">
         <path>..\lib\</path>
         <kind>archive</kind>
         <file>rts2800_fpu32.lib</file>
         <name>l_div.obj</name>
      </input_file>
      <input_file id="fl-4a">
         <path>..\lib\</path>
         <kind>archive</kind>
         <file>rts2800_fpu32.lib</file>
         <name>ll_tofs.obj</name>
      </input_file>
      <input_file id="fl-4b">
         <path>..\lib\</path>
         <kind>archive</kind>
         <file>rts2800_fpu32.lib</file>
         <name>ltoa.obj</name>
      </input_file>
      <input_file id="fl-4c">
         <path>..\lib\</path>
         <kind>archive</kind>
         <file>rts2800_fpu32.lib</file>
         <name>memcpy_ff.obj</name>
      </input_file>
      <input_file id="fl-4d">
         <path>..\lib\</path>
         <kind>archive</kind>
         <file>rts2800_fpu32.lib</file>
         <name>memset.obj</name>
      </input_file>
      <input_file id="fl-4e">
         <path>..\lib\</path>
         <kind>archive</kind>
         <file>rts2800_fpu32.lib</file>
         <name>sprintf.obj</name>
      </input_file>
      <input_file id="fl-4f">
         <path>..\lib\</path>
         <kind>archive</kind>
         <file>rts2800_fpu32.lib</file>
         <name>strcat.obj</name>
      </input_file>
      <input_file id="fl-50">
         <path>..\lib\</path>
         <kind>archive</kind>
         <file>rts2800_fpu32.lib</file>
         <name>strcpy.obj</name>
      </input_file>
      <input_file id="fl-51">
         <path>..\lib\</path>
         <kind>archive</kind>
         <file>rts2800_fpu32.lib</file>
         <name>strlen.obj</name>
      </input_file>
      <input_file id="fl-52">
         <path>..\lib\</path>
         <kind>archive</kind>
         <file>rts2800_fpu32.lib</file>
         <name>strtod.obj</name>
      </input_file>
      <input_file id="fl-53">
         <path>..\lib\</path>
         <kind>archive</kind>
         <file>rts2800_fpu32.lib</file>
         <name>u_div.obj</name>
      </input_file>
      <input_file id="fl-54">
         <path>..\lib\</path>
         <kind>archive</kind>
         <file>rts2800_fpu32.lib</file>
         <name>i_div.obj</name>
      </input_file>
      <input_file id="fl-55">
         <path>..\lib\</path>
         <kind>archive</kind>
         <file>rts2800_fpu32.lib</file>
         <name>_printfi.obj</name>
      </input_file>
      <input_file id="fl-56">
         <path>..\lib\</path>
         <kind>archive</kind>
         <file>rts2800_fpu32.lib</file>
         <name>fd_cmp.obj</name>
      </input_file>
      <input_file id="fl-57">
         <path>..\lib\</path>
         <kind>archive</kind>
         <file>rts2800_fpu32.lib</file>
         <name>fd_div.obj</name>
      </input_file>
      <input_file id="fl-58">
         <path>..\lib\</path>
         <kind>archive</kind>
         <file>rts2800_fpu32.lib</file>
         <name>fd_mpy.obj</name>
      </input_file>
      <input_file id="fl-59">
         <path>..\lib\</path>
         <kind>archive</kind>
         <file>rts2800_fpu32.lib</file>
         <name>fd_neg.obj</name>
      </input_file>
      <input_file id="fl-5a">
         <path>..\lib\</path>
         <kind>archive</kind>
         <file>rts2800_fpu32.lib</file>
         <name>fd_sub.obj</name>
      </input_file>
      <input_file id="fl-5b">
         <path>..\lib\</path>
         <kind>archive</kind>
         <file>rts2800_fpu32.lib</file>
         <name>fd_toi.obj</name>
      </input_file>
      <input_file id="fl-5c">
         <path>..\lib\</path>
         <kind>archive</kind>
         <file>rts2800_fpu32.lib</file>
         <name>fd_tol.obj</name>
      </input_file>
      <input_file id="fl-5d">
         <path>..\lib\</path>
         <kind>archive</kind>
         <file>rts2800_fpu32.lib</file>
         <name>ll_aox.obj</name>
      </input_file>
      <input_file id="fl-5e">
         <path>..\lib\</path>
         <kind>archive</kind>
         <file>rts2800_fpu32.lib</file>
         <name>ll_cmp.obj</name>
      </input_file>
      <input_file id="fl-5f">
         <path>..\lib\</path>
         <kind>archive</kind>
         <file>rts2800_fpu32.lib</file>
         <name>ll_div.obj</name>
      </input_file>
      <input_file id="fl-60">
         <path>..\lib\</path>
         <kind>archive</kind>
         <file>rts2800_fpu32.lib</file>
         <name>ll_mpy.obj</name>
      </input_file>
      <input_file id="fl-61">
         <path>..\lib\</path>
         <kind>archive</kind>
         <file>rts2800_fpu32.lib</file>
         <name>l_tofd.obj</name>
      </input_file>
      <input_file id="fl-62">
         <path>..\lib\</path>
         <kind>archive</kind>
         <file>rts2800_fpu32.lib</file>
         <name>memccpy.obj</name>
      </input_file>
      <input_file id="fl-63">
         <path>..\lib\</path>
         <kind>archive</kind>
         <file>rts2800_fpu32.lib</file>
         <name>fd_add.obj</name>
      </input_file>
   </input_file_list>
   <object_component_list>
      <object_component id="oc-b3">
         <name>PieVectTableFile</name>
         <uninitialized>true</uninitialized>
         <run_address>0xd00</run_address>
         <size>0x100</size>
         <input_file_ref idref="fl-f"/>
      </object_component>
      <object_component id="oc-af">
         <name>DevEmuRegsFile</name>
         <uninitialized>true</uninitialized>
         <run_address>0x880</run_address>
         <size>0xd0</size>
         <input_file_ref idref="fl-f"/>
      </object_component>
      <object_component id="oc-85">
         <name>FlashRegsFile</name>
         <uninitialized>true</uninitialized>
         <run_address>0xa80</run_address>
         <size>0x8</size>
         <input_file_ref idref="fl-f"/>
      </object_component>
      <object_component id="oc-8f">
         <name>CsmRegsFile</name>
         <uninitialized>true</uninitialized>
         <run_address>0xae0</run_address>
         <size>0x10</size>
         <input_file_ref idref="fl-f"/>
      </object_component>
      <object_component id="oc-8e">
         <name>AdcMirrorFile</name>
         <uninitialized>true</uninitialized>
         <run_address>0xb00</run_address>
         <size>0x10</size>
         <input_file_ref idref="fl-f"/>
      </object_component>
      <object_component id="oc-92">
         <name>XintfRegsFile</name>
         <uninitialized>true</uninitialized>
         <run_address>0xb20</run_address>
         <size>0x1e</size>
         <input_file_ref idref="fl-f"/>
      </object_component>
      <object_component id="oc-86">
         <name>CpuTimer0RegsFile</name>
         <uninitialized>true</uninitialized>
         <run_address>0xc00</run_address>
         <size>0x8</size>
         <input_file_ref idref="fl-f"/>
      </object_component>
      <object_component id="oc-84">
         <name>CpuTimer1RegsFile</name>
         <uninitialized>true</uninitialized>
         <run_address>0xc08</run_address>
         <size>0x8</size>
         <input_file_ref idref="fl-f"/>
      </object_component>
      <object_component id="oc-83">
         <name>CpuTimer2RegsFile</name>
         <uninitialized>true</uninitialized>
         <run_address>0xc10</run_address>
         <size>0x8</size>
         <input_file_ref idref="fl-f"/>
      </object_component>
      <object_component id="oc-90">
         <name>PieCtrlRegsFile</name>
         <uninitialized>true</uninitialized>
         <run_address>0xce0</run_address>
         <size>0x1a</size>
         <input_file_ref idref="fl-f"/>
      </object_component>
      <object_component id="oc-b0">
         <name>DmaRegsFile</name>
         <uninitialized>true</uninitialized>
         <run_address>0x1000</run_address>
         <size>0xe0</size>
         <input_file_ref idref="fl-f"/>
      </object_component>
      <object_component id="oc-a2">
         <name>McbspaRegsFile</name>
         <uninitialized>true</uninitialized>
         <run_address>0x5000</run_address>
         <size>0x25</size>
         <input_file_ref idref="fl-f"/>
      </object_component>
      <object_component id="oc-a3">
         <name>McbspbRegsFile</name>
         <uninitialized>true</uninitialized>
         <run_address>0x5040</run_address>
         <size>0x25</size>
         <input_file_ref idref="fl-f"/>
      </object_component>
      <object_component id="oc-a6">
         <name>ECanaRegsFile</name>
         <uninitialized>true</uninitialized>
         <run_address>0x6000</run_address>
         <size>0x34</size>
         <input_file_ref idref="fl-f"/>
      </object_component>
      <object_component id="oc-a9">
         <name>ECanaLAMRegsFile</name>
         <uninitialized>true</uninitialized>
         <run_address>0x6040</run_address>
         <size>0x40</size>
         <input_file_ref idref="fl-f"/>
      </object_component>
      <object_component id="oc-b2">
         <name>ECanaMboxesFile</name>
         <uninitialized>true</uninitialized>
         <run_address>0x6100</run_address>
         <size>0x100</size>
         <input_file_ref idref="fl-f"/>
      </object_component>
      <object_component id="oc-aa">
         <name>ECanaMOTSRegsFile</name>
         <uninitialized>true</uninitialized>
         <run_address>0x6080</run_address>
         <size>0x40</size>
         <input_file_ref idref="fl-f"/>
      </object_component>
      <object_component id="oc-a7">
         <name>ECanaMOTORegsFile</name>
         <uninitialized>true</uninitialized>
         <run_address>0x60c0</run_address>
         <size>0x40</size>
         <input_file_ref idref="fl-f"/>
      </object_component>
      <object_component id="oc-a5">
         <name>ECanbRegsFile</name>
         <uninitialized>true</uninitialized>
         <run_address>0x6200</run_address>
         <size>0x34</size>
         <input_file_ref idref="fl-f"/>
      </object_component>
      <object_component id="oc-ad">
         <name>ECanbLAMRegsFile</name>
         <uninitialized>true</uninitialized>
         <run_address>0x6240</run_address>
         <size>0x40</size>
         <input_file_ref idref="fl-f"/>
      </object_component>
      <object_component id="oc-b1">
         <name>ECanbMboxesFile</name>
         <uninitialized>true</uninitialized>
         <run_address>0x6300</run_address>
         <size>0x100</size>
         <input_file_ref idref="fl-f"/>
      </object_component>
      <object_component id="oc-a8">
         <name>ECanbMOTSRegsFile</name>
         <uninitialized>true</uninitialized>
         <run_address>0x6280</run_address>
         <size>0x40</size>
         <input_file_ref idref="fl-f"/>
      </object_component>
      <object_component id="oc-ab">
         <name>ECanbMOTORegsFile</name>
         <uninitialized>true</uninitialized>
         <run_address>0x62c0</run_address>
         <size>0x40</size>
         <input_file_ref idref="fl-f"/>
      </object_component>
      <object_component id="oc-9d">
         <name>EPwm1RegsFile</name>
         <uninitialized>true</uninitialized>
         <run_address>0x6800</run_address>
         <size>0x22</size>
         <input_file_ref idref="fl-f"/>
      </object_component>
      <object_component id="oc-9c">
         <name>EPwm2RegsFile</name>
         <uninitialized>true</uninitialized>
         <run_address>0x6840</run_address>
         <size>0x22</size>
         <input_file_ref idref="fl-f"/>
      </object_component>
      <object_component id="oc-9e">
         <name>EPwm3RegsFile</name>
         <uninitialized>true</uninitialized>
         <run_address>0x6880</run_address>
         <size>0x22</size>
         <input_file_ref idref="fl-f"/>
      </object_component>
      <object_component id="oc-a0">
         <name>EPwm4RegsFile</name>
         <uninitialized>true</uninitialized>
         <run_address>0x68c0</run_address>
         <size>0x22</size>
         <input_file_ref idref="fl-f"/>
      </object_component>
      <object_component id="oc-9f">
         <name>EPwm5RegsFile</name>
         <uninitialized>true</uninitialized>
         <run_address>0x6900</run_address>
         <size>0x22</size>
         <input_file_ref idref="fl-f"/>
      </object_component>
      <object_component id="oc-a1">
         <name>EPwm6RegsFile</name>
         <uninitialized>true</uninitialized>
         <run_address>0x6940</run_address>
         <size>0x22</size>
         <input_file_ref idref="fl-f"/>
      </object_component>
      <object_component id="oc-99">
         <name>ECap1RegsFile</name>
         <uninitialized>true</uninitialized>
         <run_address>0x6a00</run_address>
         <size>0x20</size>
         <input_file_ref idref="fl-f"/>
      </object_component>
      <object_component id="oc-95">
         <name>ECap2RegsFile</name>
         <uninitialized>true</uninitialized>
         <run_address>0x6a20</run_address>
         <size>0x20</size>
         <input_file_ref idref="fl-f"/>
      </object_component>
      <object_component id="oc-96">
         <name>ECap3RegsFile</name>
         <uninitialized>true</uninitialized>
         <run_address>0x6a40</run_address>
         <size>0x20</size>
         <input_file_ref idref="fl-f"/>
      </object_component>
      <object_component id="oc-93">
         <name>ECap4RegsFile</name>
         <uninitialized>true</uninitialized>
         <run_address>0x6a60</run_address>
         <size>0x20</size>
         <input_file_ref idref="fl-f"/>
      </object_component>
      <object_component id="oc-94">
         <name>ECap5RegsFile</name>
         <uninitialized>true</uninitialized>
         <run_address>0x6a80</run_address>
         <size>0x20</size>
         <input_file_ref idref="fl-f"/>
      </object_component>
      <object_component id="oc-9a">
         <name>ECap6RegsFile</name>
         <uninitialized>true</uninitialized>
         <run_address>0x6aa0</run_address>
         <size>0x20</size>
         <input_file_ref idref="fl-f"/>
      </object_component>
      <object_component id="oc-ae">
         <name>EQep1RegsFile</name>
         <uninitialized>true</uninitialized>
         <run_address>0x6b00</run_address>
         <size>0x40</size>
         <input_file_ref idref="fl-f"/>
      </object_component>
      <object_component id="oc-ac">
         <name>EQep2RegsFile</name>
         <uninitialized>true</uninitialized>
         <run_address>0x6b40</run_address>
         <size>0x40</size>
         <input_file_ref idref="fl-f"/>
      </object_component>
      <object_component id="oc-a4">
         <name>GpioCtrlRegsFile</name>
         <uninitialized>true</uninitialized>
         <run_address>0x6f80</run_address>
         <size>0x2e</size>
         <input_file_ref idref="fl-f"/>
      </object_component>
      <object_component id="oc-97">
         <name>GpioDataRegsFile</name>
         <uninitialized>true</uninitialized>
         <run_address>0x6fc0</run_address>
         <size>0x20</size>
         <input_file_ref idref="fl-f"/>
      </object_component>
      <object_component id="oc-88">
         <name>GpioIntRegsFile</name>
         <uninitialized>true</uninitialized>
         <run_address>0x6fe0</run_address>
         <size>0xa</size>
         <input_file_ref idref="fl-f"/>
      </object_component>
      <object_component id="oc-98">
         <name>SysCtrlRegsFile</name>
         <uninitialized>true</uninitialized>
         <run_address>0x7010</run_address>
         <size>0x20</size>
         <input_file_ref idref="fl-f"/>
      </object_component>
      <object_component id="oc-8b">
         <name>SpiaRegsFile</name>
         <uninitialized>true</uninitialized>
         <run_address>0x7040</run_address>
         <size>0x10</size>
         <input_file_ref idref="fl-f"/>
      </object_component>
      <object_component id="oc-8c">
         <name>SciaRegsFile</name>
         <uninitialized>true</uninitialized>
         <run_address>0x7050</run_address>
         <size>0x10</size>
         <input_file_ref idref="fl-f"/>
      </object_component>
      <object_component id="oc-8d">
         <name>XIntruptRegsFile</name>
         <uninitialized>true</uninitialized>
         <run_address>0x7070</run_address>
         <size>0x10</size>
         <input_file_ref idref="fl-f"/>
      </object_component>
      <object_component id="oc-91">
         <name>AdcRegsFile</name>
         <uninitialized>true</uninitialized>
         <run_address>0x7100</run_address>
         <size>0x1e</size>
         <input_file_ref idref="fl-f"/>
      </object_component>
      <object_component id="oc-8a">
         <name>ScibRegsFile</name>
         <uninitialized>true</uninitialized>
         <run_address>0x7750</run_address>
         <size>0x10</size>
         <input_file_ref idref="fl-f"/>
      </object_component>
      <object_component id="oc-89">
         <name>ScicRegsFile</name>
         <uninitialized>true</uninitialized>
         <run_address>0x7770</run_address>
         <size>0x10</size>
         <input_file_ref idref="fl-f"/>
      </object_component>
      <object_component id="oc-9b">
         <name>I2caRegsFile</name>
         <uninitialized>true</uninitialized>
         <run_address>0x7900</run_address>
         <size>0x22</size>
         <input_file_ref idref="fl-f"/>
      </object_component>
      <object_component id="oc-87">
         <name>CsmPwlFile</name>
         <uninitialized>true</uninitialized>
         <run_address>0x33fff8</run_address>
         <size>0x8</size>
         <input_file_ref idref="fl-f"/>
      </object_component>
      <object_component id="oc-101">
         <name>.cinit</name>
         <load_address>0x311db8</load_address>
         <run_address>0x311db8</run_address>
         <size>0x9f</size>
         <input_file_ref idref="fl-1f"/>
      </object_component>
      <object_component id="oc-153">
         <name>.cinit</name>
         <load_address>0x311e57</load_address>
         <run_address>0x311e57</run_address>
         <size>0x83</size>
         <input_file_ref idref="fl-2b"/>
      </object_component>
      <object_component id="oc-15d">
         <name>.cinit</name>
         <load_address>0x311eda</load_address>
         <run_address>0x311eda</run_address>
         <size>0x78</size>
         <input_file_ref idref="fl-2c"/>
      </object_component>
      <object_component id="oc-10a">
         <name>.cinit</name>
         <load_address>0x311f52</load_address>
         <run_address>0x311f52</run_address>
         <size>0x4b</size>
         <input_file_ref idref="fl-20"/>
      </object_component>
      <object_component id="oc-f5">
         <name>.cinit</name>
         <load_address>0x311f9d</load_address>
         <run_address>0x311f9d</run_address>
         <size>0x42</size>
         <input_file_ref idref="fl-1d"/>
      </object_component>
      <object_component id="oc-ce">
         <name>.cinit</name>
         <load_address>0x311fdf</load_address>
         <run_address>0x311fdf</run_address>
         <size>0x22</size>
         <input_file_ref idref="fl-15"/>
      </object_component>
      <object_component id="oc-14c">
         <name>.cinit</name>
         <load_address>0x312001</load_address>
         <run_address>0x312001</run_address>
         <size>0x16</size>
         <input_file_ref idref="fl-2a"/>
      </object_component>
      <object_component id="oc-122">
         <name>.cinit</name>
         <load_address>0x312017</load_address>
         <run_address>0x312017</run_address>
         <size>0x14</size>
         <input_file_ref idref="fl-24"/>
      </object_component>
      <object_component id="oc-13e">
         <name>.cinit</name>
         <load_address>0x31202b</load_address>
         <run_address>0x31202b</run_address>
         <size>0xa</size>
         <input_file_ref idref="fl-28"/>
      </object_component>
      <object_component id="oc-177">
         <name>.cinit</name>
         <load_address>0x312035</load_address>
         <run_address>0x312035</run_address>
         <size>0xa</size>
         <input_file_ref idref="fl-38"/>
      </object_component>
      <object_component id="oc-170">
         <name>.cinit</name>
         <load_address>0x31203f</load_address>
         <run_address>0x31203f</run_address>
         <size>0xa</size>
         <input_file_ref idref="fl-37"/>
      </object_component>
      <object_component id="oc-137">
         <name>.cinit</name>
         <load_address>0x312049</load_address>
         <run_address>0x312049</run_address>
         <size>0x5</size>
         <input_file_ref idref="fl-27"/>
      </object_component>
      <object_component id="oc-5e">
         <name>.cinit</name>
         <load_address>0x31204e</load_address>
         <run_address>0x31204e</run_address>
         <size>0x4</size>
         <input_file_ref idref="fl-8"/>
      </object_component>
      <object_component id="oc-145">
         <name>.cinit</name>
         <load_address>0x312052</load_address>
         <run_address>0x312052</run_address>
         <size>0x4</size>
         <input_file_ref idref="fl-29"/>
      </object_component>
      <object_component id="oc-12f">
         <name>.cinit</name>
         <load_address>0x312056</load_address>
         <run_address>0x312056</run_address>
         <size>0x4</size>
         <input_file_ref idref="fl-26"/>
      </object_component>
      <object_component id="oc-1ad">
         <name>.cinit</name>
         <load_address>0x31205a</load_address>
         <run_address>0x31205a</run_address>
         <size>0x4</size>
         <input_file_ref idref="fl-45"/>
      </object_component>
      <object_component id="oc-ff">
         <name>.text</name>
         <load_address>0x300000</load_address>
         <run_address>0x300000</run_address>
         <size>0x33de</size>
         <input_file_ref idref="fl-1f"/>
      </object_component>
      <object_component id="oc-151">
         <name>.text</name>
         <load_address>0x3033de</load_address>
         <run_address>0x3033de</run_address>
         <size>0x30c3</size>
         <input_file_ref idref="fl-2b"/>
      </object_component>
      <object_component id="oc-f3">
         <name>.text</name>
         <load_address>0x3064a1</load_address>
         <run_address>0x3064a1</run_address>
         <size>0x29ab</size>
         <input_file_ref idref="fl-1d"/>
      </object_component>
      <object_component id="oc-162">
         <name>.text</name>
         <load_address>0x308e4c</load_address>
         <run_address>0x308e4c</run_address>
         <size>0x199e</size>
         <input_file_ref idref="fl-2d"/>
      </object_component>
      <object_component id="oc-108">
         <name>.text</name>
         <load_address>0x30a7ea</load_address>
         <run_address>0x30a7ea</run_address>
         <size>0x16dc</size>
         <input_file_ref idref="fl-20"/>
      </object_component>
      <object_component id="oc-1f4">
         <name>.text</name>
         <load_address>0x30bec6</load_address>
         <run_address>0x30bec6</run_address>
         <size>0x981</size>
         <input_file_ref idref="fl-55"/>
      </object_component>
      <object_component id="oc-d0">
         <name>.text:retain</name>
         <load_address>0x30c847</load_address>
         <run_address>0x30c847</run_address>
         <size>0x659</size>
         <input_file_ref idref="fl-15"/>
      </object_component>
      <object_component id="oc-143">
         <name>.text</name>
         <load_address>0x30cea0</load_address>
         <run_address>0x30cea0</run_address>
         <size>0x54b</size>
         <input_file_ref idref="fl-29"/>
      </object_component>
      <object_component id="oc-13c">
         <name>.text</name>
         <load_address>0x30d3eb</load_address>
         <run_address>0x30d3eb</run_address>
         <size>0x4e4</size>
         <input_file_ref idref="fl-28"/>
      </object_component>
      <object_component id="oc-116">
         <name>.text</name>
         <load_address>0x30d8cf</load_address>
         <run_address>0x30d8cf</run_address>
         <size>0x4c6</size>
         <input_file_ref idref="fl-22"/>
      </object_component>
      <object_component id="oc-14a">
         <name>.text</name>
         <load_address>0x30dd95</load_address>
         <run_address>0x30dd95</run_address>
         <size>0x400</size>
         <input_file_ref idref="fl-2a"/>
      </object_component>
      <object_component id="oc-d4">
         <name>.text</name>
         <load_address>0x30e195</load_address>
         <run_address>0x30e195</run_address>
         <size>0x3a3</size>
         <input_file_ref idref="fl-16"/>
      </object_component>
      <object_component id="oc-15b">
         <name>.text</name>
         <load_address>0x30e538</load_address>
         <run_address>0x30e538</run_address>
         <size>0x37b</size>
         <input_file_ref idref="fl-2c"/>
      </object_component>
      <object_component id="oc-12d">
         <name>.text</name>
         <load_address>0x30e8b3</load_address>
         <run_address>0x30e8b3</run_address>
         <size>0x2ca</size>
         <input_file_ref idref="fl-26"/>
      </object_component>
      <object_component id="oc-135">
         <name>.text</name>
         <load_address>0x30eb7d</load_address>
         <run_address>0x30eb7d</run_address>
         <size>0x2ad</size>
         <input_file_ref idref="fl-27"/>
      </object_component>
      <object_component id="oc-73">
         <name>.text</name>
         <load_address>0x30ee2a</load_address>
         <run_address>0x30ee2a</run_address>
         <size>0x1a7</size>
         <input_file_ref idref="fl-c"/>
      </object_component>
      <object_component id="oc-111">
         <name>.text</name>
         <load_address>0x30efd1</load_address>
         <run_address>0x30efd1</run_address>
         <size>0x13b</size>
         <input_file_ref idref="fl-21"/>
      </object_component>
      <object_component id="oc-4c">
         <name>.text</name>
         <load_address>0x30f10c</load_address>
         <run_address>0x30f10c</run_address>
         <size>0x12e</size>
         <input_file_ref idref="fl-5"/>
      </object_component>
      <object_component id="oc-c4">
         <name>.text</name>
         <load_address>0x30f23a</load_address>
         <run_address>0x30f23a</run_address>
         <size>0x12d</size>
         <input_file_ref idref="fl-13"/>
      </object_component>
      <object_component id="oc-1e7">
         <name>.text</name>
         <load_address>0x30f367</load_address>
         <run_address>0x30f367</run_address>
         <size>0x123</size>
         <input_file_ref idref="fl-52"/>
      </object_component>
      <object_component id="oc-21f">
         <name>.text</name>
         <load_address>0x30f48a</load_address>
         <run_address>0x30f48a</run_address>
         <size>0x107</size>
         <input_file_ref idref="fl-5f"/>
      </object_component>
      <object_component id="oc-51">
         <name>.text</name>
         <load_address>0x30f591</load_address>
         <run_address>0x30f591</run_address>
         <size>0x101</size>
         <input_file_ref idref="fl-6"/>
      </object_component>
      <object_component id="oc-ba">
         <name>.text</name>
         <load_address>0x30f692</load_address>
         <run_address>0x30f692</run_address>
         <size>0xc4</size>
         <input_file_ref idref="fl-11"/>
      </object_component>
      <object_component id="oc-230">
         <name>.text</name>
         <load_address>0x30f756</load_address>
         <run_address>0x30f756</run_address>
         <size>0x9c</size>
         <input_file_ref idref="fl-63"/>
      </object_component>
      <object_component id="oc-1ff">
         <name>.text</name>
         <load_address>0x30f7f2</load_address>
         <run_address>0x30f7f2</run_address>
         <size>0x8b</size>
         <input_file_ref idref="fl-57"/>
      </object_component>
      <object_component id="oc-5c">
         <name>.text</name>
         <load_address>0x30f87d</load_address>
         <run_address>0x30f87d</run_address>
         <size>0x85</size>
         <input_file_ref idref="fl-8"/>
      </object_component>
      <object_component id="oc-203">
         <name>.text</name>
         <load_address>0x30f902</load_address>
         <run_address>0x30f902</run_address>
         <size>0x83</size>
         <input_file_ref idref="fl-58"/>
      </object_component>
      <object_component id="oc-19b">
         <name>.text</name>
         <load_address>0x30f985</load_address>
         <run_address>0x30f985</run_address>
         <size>0x77</size>
         <input_file_ref idref="fl-41"/>
      </object_component>
      <object_component id="oc-196">
         <name>.text</name>
         <load_address>0x30f9fc</load_address>
         <run_address>0x30f9fc</run_address>
         <size>0x71</size>
         <input_file_ref idref="fl-40"/>
      </object_component>
      <object_component id="oc-fa">
         <name>.text</name>
         <load_address>0x30fa6d</load_address>
         <run_address>0x30fa6d</run_address>
         <size>0x70</size>
         <input_file_ref idref="fl-1e"/>
      </object_component>
      <object_component id="oc-bf">
         <name>.text</name>
         <load_address>0x30fadd</load_address>
         <run_address>0x30fadd</run_address>
         <size>0x6f</size>
         <input_file_ref idref="fl-12"/>
      </object_component>
      <object_component id="oc-b5">
         <name>.text</name>
         <load_address>0x30fb4c</load_address>
         <run_address>0x30fb4c</run_address>
         <size>0x60</size>
         <input_file_ref idref="fl-10"/>
      </object_component>
      <object_component id="oc-dd">
         <name>.text</name>
         <load_address>0x30fbac</load_address>
         <run_address>0x30fbac</run_address>
         <size>0x5e</size>
         <input_file_ref idref="fl-18"/>
      </object_component>
      <object_component id="oc-11b">
         <name>.text</name>
         <load_address>0x30fc0a</load_address>
         <run_address>0x30fc0a</run_address>
         <size>0x54</size>
         <input_file_ref idref="fl-23"/>
      </object_component>
      <object_component id="oc-191">
         <name>.text</name>
         <load_address>0x30fc5e</load_address>
         <run_address>0x30fc5e</run_address>
         <size>0x4f</size>
         <input_file_ref idref="fl-3e"/>
      </object_component>
      <object_component id="oc-57">
         <name>.text</name>
         <load_address>0x30fcad</load_address>
         <run_address>0x30fcad</run_address>
         <size>0x48</size>
         <input_file_ref idref="fl-7"/>
      </object_component>
      <object_component id="oc-47">
         <name>.text</name>
         <load_address>0x30fcf5</load_address>
         <run_address>0x30fcf5</run_address>
         <size>0x46</size>
         <input_file_ref idref="fl-35"/>
      </object_component>
      <object_component id="oc-1a5">
         <name>.text</name>
         <load_address>0x30fd3b</load_address>
         <run_address>0x30fd3b</run_address>
         <size>0x34</size>
         <input_file_ref idref="fl-43"/>
      </object_component>
      <object_component id="oc-18d">
         <name>.text</name>
         <load_address>0x30fd6f</load_address>
         <run_address>0x30fd6f</run_address>
         <size>0x34</size>
         <input_file_ref idref="fl-3d"/>
      </object_component>
      <object_component id="oc-185">
         <name>.text</name>
         <load_address>0x30fda3</load_address>
         <run_address>0x30fda3</run_address>
         <size>0x34</size>
         <input_file_ref idref="fl-3b"/>
      </object_component>
      <object_component id="oc-1a0">
         <name>.text</name>
         <load_address>0x30fdd7</load_address>
         <run_address>0x30fdd7</run_address>
         <size>0x31</size>
         <input_file_ref idref="fl-42"/>
      </object_component>
      <object_component id="oc-1d3">
         <name>.text</name>
         <load_address>0x30fe08</load_address>
         <run_address>0x30fe08</run_address>
         <size>0x2f</size>
         <input_file_ref idref="fl-4e"/>
      </object_component>
      <object_component id="oc-128">
         <name>.text</name>
         <load_address>0x30fe37</load_address>
         <run_address>0x30fe37</run_address>
         <size>0x2e</size>
         <input_file_ref idref="fl-25"/>
      </object_component>
      <object_component id="oc-1c4">
         <name>.text</name>
         <load_address>0x30fe65</load_address>
         <run_address>0x30fe65</run_address>
         <size>0x2c</size>
         <input_file_ref idref="fl-4b"/>
      </object_component>
      <object_component id="oc-1fb">
         <name>.text</name>
         <load_address>0x30fe91</load_address>
         <run_address>0x30fe91</run_address>
         <size>0x2a</size>
         <input_file_ref idref="fl-56"/>
      </object_component>
      <object_component id="oc-1bc">
         <name>.text</name>
         <load_address>0x30febb</load_address>
         <run_address>0x30febb</run_address>
         <size>0x2a</size>
         <input_file_ref idref="fl-49"/>
      </object_component>
      <object_component id="oc-69">
         <name>.text</name>
         <load_address>0x30fee5</load_address>
         <run_address>0x30fee5</run_address>
         <size>0x28</size>
         <input_file_ref idref="fl-a"/>
      </object_component>
      <object_component id="oc-120">
         <name>.text</name>
         <load_address>0x30ff0d</load_address>
         <run_address>0x30ff0d</run_address>
         <size>0x27</size>
         <input_file_ref idref="fl-24"/>
      </object_component>
      <object_component id="oc-1b8">
         <name>.text</name>
         <load_address>0x30ff34</load_address>
         <run_address>0x30ff34</run_address>
         <size>0x26</size>
         <input_file_ref idref="fl-48"/>
      </object_component>
      <object_component id="oc-1b0">
         <name>.text</name>
         <load_address>0x30ff5a</load_address>
         <run_address>0x30ff5a</run_address>
         <size>0x23</size>
         <input_file_ref idref="fl-46"/>
      </object_component>
      <object_component id="oc-7d">
         <name>.text</name>
         <load_address>0x30ff7d</load_address>
         <run_address>0x30ff7d</run_address>
         <size>0x22</size>
         <input_file_ref idref="fl-e"/>
      </object_component>
      <object_component id="oc-1f0">
         <name>.text</name>
         <load_address>0x30ff9f</load_address>
         <run_address>0x30ff9f</run_address>
         <size>0x22</size>
         <input_file_ref idref="fl-54"/>
      </object_component>
      <object_component id="oc-20f">
         <name>.text</name>
         <load_address>0x30ffc1</load_address>
         <run_address>0x30ffc1</run_address>
         <size>0x21</size>
         <input_file_ref idref="fl-5b"/>
      </object_component>
      <object_component id="oc-1c9">
         <name>.text</name>
         <load_address>0x30ffe2</load_address>
         <run_address>0x30ffe2</run_address>
         <size>0x21</size>
         <input_file_ref idref="fl-4c"/>
      </object_component>
      <object_component id="oc-181">
         <name>.text</name>
         <load_address>0x310003</load_address>
         <run_address>0x310003</run_address>
         <size>0x21</size>
         <input_file_ref idref="fl-3a"/>
      </object_component>
      <object_component id="oc-1c0">
         <name>.text</name>
         <load_address>0x310024</load_address>
         <run_address>0x310024</run_address>
         <size>0x20</size>
         <input_file_ref idref="fl-4a"/>
      </object_component>
      <object_component id="oc-213">
         <name>.text</name>
         <load_address>0x310044</load_address>
         <run_address>0x310044</run_address>
         <size>0x1f</size>
         <input_file_ref idref="fl-5c"/>
      </object_component>
      <object_component id="oc-78">
         <name>.text</name>
         <load_address>0x310063</load_address>
         <run_address>0x310063</run_address>
         <size>0x1e</size>
         <input_file_ref idref="fl-d"/>
      </object_component>
      <object_component id="oc-21b">
         <name>.text</name>
         <load_address>0x310081</load_address>
         <run_address>0x310081</run_address>
         <size>0x1e</size>
         <input_file_ref idref="fl-5e"/>
      </object_component>
      <object_component id="oc-1b4">
         <name>.text</name>
         <load_address>0x31009f</load_address>
         <run_address>0x31009f</run_address>
         <size>0x1c</size>
         <input_file_ref idref="fl-47"/>
      </object_component>
      <object_component id="oc-227">
         <name>.text</name>
         <load_address>0x3100bb</load_address>
         <run_address>0x3100bb</run_address>
         <size>0x1c</size>
         <input_file_ref idref="fl-61"/>
      </object_component>
      <object_component id="oc-17c">
         <name>.text</name>
         <load_address>0x3100d7</load_address>
         <run_address>0x3100d7</run_address>
         <size>0x19</size>
         <input_file_ref idref="fl-39"/>
      </object_component>
      <object_component id="oc-16e">
         <name>.text</name>
         <load_address>0x3100f0</load_address>
         <run_address>0x3100f0</run_address>
         <size>0x19</size>
         <input_file_ref idref="fl-37"/>
      </object_component>
      <object_component id="oc-189">
         <name>.text</name>
         <load_address>0x310109</load_address>
         <run_address>0x310109</run_address>
         <size>0x19</size>
         <input_file_ref idref="fl-3c"/>
      </object_component>
      <object_component id="oc-217">
         <name>.text</name>
         <load_address>0x310122</load_address>
         <run_address>0x310122</run_address>
         <size>0x18</size>
         <input_file_ref idref="fl-5d"/>
      </object_component>
      <object_component id="oc-ea">
         <name>.text</name>
         <load_address>0x31013a</load_address>
         <run_address>0x31013a</run_address>
         <size>0x14</size>
         <input_file_ref idref="fl-1b"/>
      </object_component>
      <object_component id="oc-223">
         <name>.text</name>
         <load_address>0x31014e</load_address>
         <run_address>0x31014e</run_address>
         <size>0x14</size>
         <input_file_ref idref="fl-60"/>
      </object_component>
      <object_component id="oc-63">
         <name>.text</name>
         <load_address>0x310162</load_address>
         <run_address>0x310162</run_address>
         <size>0x13</size>
         <input_file_ref idref="fl-9"/>
      </object_component>
      <object_component id="oc-20b">
         <name>.text</name>
         <load_address>0x310175</load_address>
         <run_address>0x310175</run_address>
         <size>0xe</size>
         <input_file_ref idref="fl-5a"/>
      </object_component>
      <object_component id="oc-22b">
         <name>.text</name>
         <load_address>0x310183</load_address>
         <run_address>0x310183</run_address>
         <size>0xd</size>
         <input_file_ref idref="fl-62"/>
      </object_component>
      <object_component id="oc-6e">
         <name>.text</name>
         <load_address>0x310190</load_address>
         <run_address>0x310190</run_address>
         <size>0xc</size>
         <input_file_ref idref="fl-b"/>
      </object_component>
      <object_component id="oc-1ce">
         <name>.text</name>
         <load_address>0x31019c</load_address>
         <run_address>0x31019c</run_address>
         <size>0xc</size>
         <input_file_ref idref="fl-4d"/>
      </object_component>
      <object_component id="oc-1ec">
         <name>.text</name>
         <load_address>0x3101a8</load_address>
         <run_address>0x3101a8</run_address>
         <size>0xb</size>
         <input_file_ref idref="fl-53"/>
      </object_component>
      <object_component id="oc-175">
         <name>.text</name>
         <load_address>0x3101b3</load_address>
         <run_address>0x3101b3</run_address>
         <size>0x9</size>
         <input_file_ref idref="fl-38"/>
      </object_component>
      <object_component id="oc-207">
         <name>.text</name>
         <load_address>0x3101bc</load_address>
         <run_address>0x3101bc</run_address>
         <size>0x9</size>
         <input_file_ref idref="fl-59"/>
      </object_component>
      <object_component id="oc-1d8">
         <name>.text</name>
         <load_address>0x3101c5</load_address>
         <run_address>0x3101c5</run_address>
         <size>0x9</size>
         <input_file_ref idref="fl-4f"/>
      </object_component>
      <object_component id="oc-e3">
         <name>.text</name>
         <load_address>0x3101ce</load_address>
         <run_address>0x3101ce</run_address>
         <size>0x8</size>
         <input_file_ref idref="fl-19"/>
      </object_component>
      <object_component id="oc-1e2">
         <name>.text</name>
         <load_address>0x3101d6</load_address>
         <run_address>0x3101d6</run_address>
         <size>0x8</size>
         <input_file_ref idref="fl-51"/>
      </object_component>
      <object_component id="oc-c9">
         <name>.text</name>
         <load_address>0x3101de</load_address>
         <run_address>0x3101de</run_address>
         <size>0x7</size>
         <input_file_ref idref="fl-14"/>
      </object_component>
      <object_component id="oc-1dd">
         <name>.text</name>
         <load_address>0x3101e5</load_address>
         <run_address>0x3101e5</run_address>
         <size>0x5</size>
         <input_file_ref idref="fl-50"/>
      </object_component>
      <object_component id="oc-d9">
         <name>.text</name>
         <load_address>0x3101ea</load_address>
         <run_address>0x3101ea</run_address>
         <size>0x3</size>
         <input_file_ref idref="fl-17"/>
      </object_component>
      <object_component id="oc-e4">
         <name>codestart</name>
         <load_address>0x33fff6</load_address>
         <run_address>0x33fff6</run_address>
         <size>0x2</size>
         <input_file_ref idref="fl-19"/>
      </object_component>
      <object_component id="oc-156">
         <name>ramfuncs</name>
         <load_address>0x328000</load_address>
         <run_address>0x50</run_address>
         <size>0x573</size>
         <input_file_ref idref="fl-2b"/>
      </object_component>
      <object_component id="oc-53">
         <name>ramfuncs</name>
         <load_address>0x328573</load_address>
         <run_address>0x5c3</run_address>
         <size>0x1d</size>
         <input_file_ref idref="fl-6"/>
      </object_component>
      <object_component id="oc-48">
         <name>ramfuncs</name>
         <load_address>0x328590</load_address>
         <run_address>0x5e0</run_address>
         <size>0x4</size>
         <input_file_ref idref="fl-4"/>
      </object_component>
      <object_component id="oc-e8">
         <name>csmpasswds</name>
         <load_address>0x33fff8</load_address>
         <run_address>0x33fff8</run_address>
         <size>0x8</size>
         <input_file_ref idref="fl-1a"/>
      </object_component>
      <object_component id="oc-e9">
         <name>csm_rsvd</name>
         <load_address>0x33ff80</load_address>
         <run_address>0x33ff80</run_address>
         <size>0x76</size>
         <input_file_ref idref="fl-1a"/>
      </object_component>
      <object_component id="oc-169">
         <name>.stack</name>
         <uninitialized>true</uninitialized>
         <run_address>0x9000</run_address>
         <size>0x0</size>
         <input_file_ref idref="fl-35"/>
      </object_component>
      <object_component id="oc-2cf">
         <name>.stack</name>
         <uninitialized>true</uninitialized>
         <run_address>0x9000</run_address>
         <size>0x0</size>
      </object_component>
      <object_component id="oc-5f">
         <name>.ebss</name>
         <uninitialized>true</uninitialized>
         <run_address>0x877e</run_address>
         <size>0x1</size>
         <input_file_ref idref="fl-8"/>
      </object_component>
      <object_component id="oc-cf">
         <name>.ebss</name>
         <uninitialized>true</uninitialized>
         <run_address>0x8680</run_address>
         <size>0x80</size>
         <input_file_ref idref="fl-15"/>
      </object_component>
      <object_component id="oc-df">
         <name>.ebss</name>
         <uninitialized>true</uninitialized>
         <run_address>0x8558</run_address>
         <size>0x18</size>
         <input_file_ref idref="fl-18"/>
      </object_component>
      <object_component id="oc-f6">
         <name>.ebss</name>
         <uninitialized>true</uninitialized>
         <run_address>0x8580</run_address>
         <size>0x100</size>
         <input_file_ref idref="fl-1d"/>
      </object_component>
      <object_component id="oc-102">
         <name>.ebss</name>
         <uninitialized>true</uninitialized>
         <run_address>0x8700</run_address>
         <size>0x60</size>
         <input_file_ref idref="fl-1f"/>
      </object_component>
      <object_component id="oc-10b">
         <name>.ebss</name>
         <uninitialized>true</uninitialized>
         <run_address>0x87d0</run_address>
         <size>0x30</size>
         <input_file_ref idref="fl-20"/>
      </object_component>
      <object_component id="oc-123">
         <name>.ebss</name>
         <uninitialized>true</uninitialized>
         <run_address>0x8760</run_address>
         <size>0x12</size>
         <input_file_ref idref="fl-24"/>
      </object_component>
      <object_component id="oc-130">
         <name>.ebss</name>
         <uninitialized>true</uninitialized>
         <run_address>0x8570</run_address>
         <size>0xa</size>
         <input_file_ref idref="fl-26"/>
      </object_component>
      <object_component id="oc-138">
         <name>.ebss</name>
         <uninitialized>true</uninitialized>
         <run_address>0x857e</run_address>
         <size>0x2</size>
         <input_file_ref idref="fl-27"/>
      </object_component>
      <object_component id="oc-13f">
         <name>.ebss</name>
         <uninitialized>true</uninitialized>
         <run_address>0x857a</run_address>
         <size>0x4</size>
         <input_file_ref idref="fl-28"/>
      </object_component>
      <object_component id="oc-146">
         <name>.ebss</name>
         <uninitialized>true</uninitialized>
         <run_address>0x877f</run_address>
         <size>0x1</size>
         <input_file_ref idref="fl-29"/>
      </object_component>
      <object_component id="oc-14d">
         <name>.ebss</name>
         <uninitialized>true</uninitialized>
         <run_address>0x8772</run_address>
         <size>0x8</size>
         <input_file_ref idref="fl-2a"/>
      </object_component>
      <object_component id="oc-154">
         <name>.ebss</name>
         <uninitialized>true</uninitialized>
         <run_address>0x8000</run_address>
         <size>0x558</size>
         <input_file_ref idref="fl-2b"/>
      </object_component>
      <object_component id="oc-15e">
         <name>.ebss</name>
         <uninitialized>true</uninitialized>
         <run_address>0x8780</run_address>
         <size>0x4f</size>
         <input_file_ref idref="fl-2c"/>
      </object_component>
      <object_component id="oc-171">
         <name>.ebss</name>
         <uninitialized>true</uninitialized>
         <run_address>0x8800</run_address>
         <size>0x4</size>
         <input_file_ref idref="fl-37"/>
      </object_component>
      <object_component id="oc-178">
         <name>.ebss</name>
         <uninitialized>true</uninitialized>
         <run_address>0x877a</run_address>
         <size>0x4</size>
         <input_file_ref idref="fl-38"/>
      </object_component>
      <object_component id="oc-1ae">
         <name>.ebss</name>
         <uninitialized>true</uninitialized>
         <run_address>0x87cf</run_address>
         <size>0x1</size>
         <input_file_ref idref="fl-45"/>
      </object_component>
      <object_component id="oc-23d">
         <name>.econst:_error_information</name>
         <load_address>0x3101ee</load_address>
         <run_address>0x3101ee</run_address>
         <size>0xb52</size>
         <input_file_ref idref="fl-1f"/>
      </object_component>
      <object_component id="oc-104">
         <name>.econst:.string</name>
         <load_address>0x310d40</load_address>
         <run_address>0x310d40</run_address>
         <size>0x5ad</size>
         <input_file_ref idref="fl-1f"/>
      </object_component>
      <object_component id="oc-103">
         <name>.econst</name>
         <load_address>0x3112ee</load_address>
         <run_address>0x3112ee</run_address>
         <size>0x400</size>
         <input_file_ref idref="fl-1f"/>
      </object_component>
      <object_component id="oc-27e">
         <name>.econst:.string:__ctypes_</name>
         <load_address>0x3116ee</load_address>
         <run_address>0x3116ee</run_address>
         <size>0x101</size>
         <input_file_ref idref="fl-44"/>
      </object_component>
      <object_component id="oc-65">
         <name>.econst</name>
         <load_address>0x3117f0</load_address>
         <run_address>0x3117f0</run_address>
         <size>0x100</size>
         <input_file_ref idref="fl-9"/>
      </object_component>
      <object_component id="oc-234">
         <name>.econst:_crc_table</name>
         <load_address>0x3118f0</load_address>
         <run_address>0x3118f0</run_address>
         <size>0x100</size>
         <input_file_ref idref="fl-1e"/>
      </object_component>
      <object_component id="oc-131">
         <name>.econst:.string</name>
         <load_address>0x3119f0</load_address>
         <run_address>0x3119f0</run_address>
         <size>0x8a</size>
         <input_file_ref idref="fl-26"/>
      </object_component>
      <object_component id="oc-10d">
         <name>.econst:.string</name>
         <load_address>0x311a7a</load_address>
         <run_address>0x311a7a</run_address>
         <size>0x56</size>
         <input_file_ref idref="fl-20"/>
      </object_component>
      <object_component id="oc-240">
         <name>.econst:.string:_LOST_ORIGIN</name>
         <load_address>0x311ad0</load_address>
         <run_address>0x311ad0</run_address>
         <size>0x2c</size>
         <input_file_ref idref="fl-1f"/>
      </object_component>
      <object_component id="oc-1f7">
         <name>.econst:.string</name>
         <load_address>0x311afc</load_address>
         <run_address>0x311afc</run_address>
         <size>0x24</size>
         <input_file_ref idref="fl-55"/>
      </object_component>
      <object_component id="oc-242">
         <name>.econst:.string:_AXIS_LIMITED</name>
         <load_address>0x311b20</load_address>
         <run_address>0x311b20</run_address>
         <size>0x20</size>
         <input_file_ref idref="fl-1f"/>
      </object_component>
      <object_component id="oc-249">
         <name>.econst:.string:_INTERNAL_COMM_ERR</name>
         <load_address>0x311b40</load_address>
         <run_address>0x311b40</run_address>
         <size>0x1d</size>
         <input_file_ref idref="fl-1f"/>
      </object_component>
      <object_component id="oc-243">
         <name>.econst:.string:_EMERGENCY_STOP</name>
         <load_address>0x311b5d</load_address>
         <run_address>0x311b5d</run_address>
         <size>0x1c</size>
         <input_file_ref idref="fl-1f"/>
      </object_component>
      <object_component id="oc-244">
         <name>.econst:.string:_KEEP_SAVE_BTN</name>
         <load_address>0x311b79</load_address>
         <run_address>0x311b79</run_address>
         <size>0x18</size>
         <input_file_ref idref="fl-1f"/>
      </object_component>
      <object_component id="oc-24a">
         <name>.econst:.string:_READ_EX_ERR</name>
         <load_address>0x311b91</load_address>
         <run_address>0x311b91</run_address>
         <size>0x18</size>
         <input_file_ref idref="fl-1f"/>
      </object_component>
      <object_component id="oc-1f6">
         <name>.econst</name>
         <load_address>0x311baa</load_address>
         <run_address>0x311baa</run_address>
         <size>0x18</size>
         <input_file_ref idref="fl-55"/>
      </object_component>
      <object_component id="oc-24e">
         <name>.econst:.string:_EXPORT_SUCCESSFUL</name>
         <load_address>0x311bc2</load_address>
         <run_address>0x311bc2</run_address>
         <size>0x15</size>
         <input_file_ref idref="fl-1f"/>
      </object_component>
      <object_component id="oc-24f">
         <name>.econst:.string:_IMPORT_SUCCESSFUL</name>
         <load_address>0x311bd7</load_address>
         <run_address>0x311bd7</run_address>
         <size>0x15</size>
         <input_file_ref idref="fl-1f"/>
      </object_component>
      <object_component id="oc-248">
         <name>.econst:.string:_NAME_EMPTY</name>
         <load_address>0x311bec</load_address>
         <run_address>0x311bec</run_address>
         <size>0x15</size>
         <input_file_ref idref="fl-1f"/>
      </object_component>
      <object_component id="oc-23c">
         <name>.econst:.string:_$P$T2$18</name>
         <load_address>0x311c01</load_address>
         <run_address>0x311c01</run_address>
         <size>0x14</size>
         <input_file_ref idref="fl-1f"/>
      </object_component>
      <object_component id="oc-241">
         <name>.econst:.string:_BRAKES_CLOSING</name>
         <load_address>0x311c15</load_address>
         <run_address>0x311c15</run_address>
         <size>0x14</size>
         <input_file_ref idref="fl-1f"/>
      </object_component>
      <object_component id="oc-246">
         <name>.econst:.string:_STORAGE_FULL</name>
         <load_address>0x311c29</load_address>
         <run_address>0x311c29</run_address>
         <size>0x14</size>
         <input_file_ref idref="fl-1f"/>
      </object_component>
      <object_component id="oc-27f">
         <name>.econst:_digits</name>
         <load_address>0x311c3e</load_address>
         <run_address>0x311c3e</run_address>
         <size>0x14</size>
         <input_file_ref idref="fl-52"/>
      </object_component>
      <object_component id="oc-164">
         <name>.econst</name>
         <load_address>0x311c52</load_address>
         <run_address>0x311c52</run_address>
         <size>0x13</size>
         <input_file_ref idref="fl-2d"/>
      </object_component>
      <object_component id="oc-24c">
         <name>.econst:.string:_SAVE_FAILED</name>
         <load_address>0x311c65</load_address>
         <run_address>0x311c65</run_address>
         <size>0x11</size>
         <input_file_ref idref="fl-1f"/>
      </object_component>
      <object_component id="oc-23f">
         <name>.econst:.string:_SERVO_OFF</name>
         <load_address>0x311c76</load_address>
         <run_address>0x311c76</run_address>
         <size>0x10</size>
         <input_file_ref idref="fl-1f"/>
      </object_component>
      <object_component id="oc-247">
         <name>.econst:.string:_NAME_TOO_LONG</name>
         <load_address>0x311c86</load_address>
         <run_address>0x311c86</run_address>
         <size>0xf</size>
         <input_file_ref idref="fl-1f"/>
      </object_component>
      <object_component id="oc-157">
         <name>.econst:.string</name>
         <load_address>0x311c96</load_address>
         <run_address>0x311c96</run_address>
         <size>0xd</size>
         <input_file_ref idref="fl-2b"/>
      </object_component>
      <object_component id="oc-24d">
         <name>.econst:.string:_FLASH_ERROR</name>
         <load_address>0x311ca3</load_address>
         <run_address>0x311ca3</run_address>
         <size>0xd</size>
         <input_file_ref idref="fl-1f"/>
      </object_component>
      <object_component id="oc-24b">
         <name>.econst:.string:_NAME_REPETITION</name>
         <load_address>0x311cb0</load_address>
         <run_address>0x311cb0</run_address>
         <size>0xd</size>
         <input_file_ref idref="fl-1f"/>
      </object_component>
      <object_component id="oc-23e">
         <name>.econst:.string:_NO_PROGRAM</name>
         <load_address>0x311cbd</load_address>
         <run_address>0x311cbd</run_address>
         <size>0xc</size>
         <input_file_ref idref="fl-1f"/>
      </object_component>
      <object_component id="oc-280">
         <name>.econst:_powerof10</name>
         <load_address>0x311cca</load_address>
         <run_address>0x311cca</run_address>
         <size>0xc</size>
         <input_file_ref idref="fl-52"/>
      </object_component>
      <object_component id="oc-27a">
         <name>.econst:.string:_s_code_teamwork</name>
         <load_address>0x311cd6</load_address>
         <run_address>0x311cd6</run_address>
         <size>0x9</size>
         <input_file_ref idref="fl-2d"/>
      </object_component>
      <object_component id="oc-250">
         <name>.econst:.string:_$P$T3$23</name>
         <load_address>0x311cdf</load_address>
         <run_address>0x311cdf</run_address>
         <size>0x8</size>
         <input_file_ref idref="fl-1f"/>
      </object_component>
      <object_component id="oc-279">
         <name>.econst:.string:_s_code_network</name>
         <load_address>0x311ce7</load_address>
         <run_address>0x311ce7</run_address>
         <size>0x8</size>
         <input_file_ref idref="fl-2d"/>
      </object_component>
      <object_component id="oc-276">
         <name>.econst:.string:_s_code_toollen</name>
         <load_address>0x311cef</load_address>
         <run_address>0x311cef</run_address>
         <size>0x8</size>
         <input_file_ref idref="fl-2d"/>
      </object_component>
      <object_component id="oc-275">
         <name>.econst:.string:_s_code_finish</name>
         <load_address>0x311cf7</load_address>
         <run_address>0x311cf7</run_address>
         <size>0x7</size>
         <input_file_ref idref="fl-2d"/>
      </object_component>
      <object_component id="oc-259">
         <name>.econst:.string:_s_code_return</name>
         <load_address>0x311cfe</load_address>
         <run_address>0x311cfe</run_address>
         <size>0x7</size>
         <input_file_ref idref="fl-2d"/>
      </object_component>
      <object_component id="oc-251">
         <name>.econst:.string:_$P$T4$24</name>
         <load_address>0x311d05</load_address>
         <run_address>0x311d05</run_address>
         <size>0x6</size>
         <input_file_ref idref="fl-1f"/>
      </object_component>
      <object_component id="oc-245">
         <name>.econst:.string:__ERROR</name>
         <load_address>0x311d0b</load_address>
         <run_address>0x311d0b</run_address>
         <size>0x6</size>
         <input_file_ref idref="fl-1f"/>
      </object_component>
      <object_component id="oc-256">
         <name>.econst:.string:_s_code_gosub</name>
         <load_address>0x311d11</load_address>
         <run_address>0x311d11</run_address>
         <size>0x6</size>
         <input_file_ref idref="fl-2d"/>
      </object_component>
      <object_component id="oc-274">
         <name>.econst:.string:_s_code_rs232</name>
         <load_address>0x311d17</load_address>
         <run_address>0x311d17</run_address>
         <size>0x6</size>
         <input_file_ref idref="fl-2d"/>
      </object_component>
      <object_component id="oc-268">
         <name>.econst:.string:_s_code_speed</name>
         <load_address>0x311d1d</load_address>
         <run_address>0x311d1d</run_address>
         <size>0x6</size>
         <input_file_ref idref="fl-2d"/>
      </object_component>
      <object_component id="oc-271">
         <name>.econst:.string:_s_code_baud</name>
         <load_address>0x311d23</load_address>
         <run_address>0x311d23</run_address>
         <size>0x5</size>
         <input_file_ref idref="fl-2d"/>
      </object_component>
      <object_component id="oc-273">
         <name>.econst:.string:_s_code_disp</name>
         <load_address>0x311d28</load_address>
         <run_address>0x311d28</run_address>
         <size>0x5</size>
         <input_file_ref idref="fl-2d"/>
      </object_component>
      <object_component id="oc-26e">
         <name>.econst:.string:_s_code_else</name>
         <load_address>0x311d2d</load_address>
         <run_address>0x311d2d</run_address>
         <size>0x5</size>
         <input_file_ref idref="fl-2d"/>
      </object_component>
      <object_component id="oc-255">
         <name>.econst:.string:_s_code_goto</name>
         <load_address>0x311d32</load_address>
         <run_address>0x311d32</run_address>
         <size>0x5</size>
         <input_file_ref idref="fl-2d"/>
      </object_component>
      <object_component id="oc-263">
         <name>.econst:.string:_s_code_open</name>
         <load_address>0x311d37</load_address>
         <run_address>0x311d37</run_address>
         <size>0x5</size>
         <input_file_ref idref="fl-2d"/>
      </object_component>
      <object_component id="oc-262">
         <name>.econst:.string:_s_code_ovrd</name>
         <load_address>0x311d3c</load_address>
         <run_address>0x311d3c</run_address>
         <size>0x5</size>
         <input_file_ref idref="fl-2d"/>
      </object_component>
      <object_component id="oc-278">
         <name>.econst:.string:_s_code_part</name>
         <load_address>0x311d41</load_address>
         <run_address>0x311d41</run_address>
         <size>0x5</size>
         <input_file_ref idref="fl-2d"/>
      </object_component>
      <object_component id="oc-266">
         <name>.econst:.string:_s_code_pout</name>
         <load_address>0x311d46</load_address>
         <run_address>0x311d46</run_address>
         <size>0x5</size>
         <input_file_ref idref="fl-2d"/>
      </object_component>
      <object_component id="oc-265">
         <name>.econst:.string:_s_code_rsrd</name>
         <load_address>0x311d4b</load_address>
         <run_address>0x311d4b</run_address>
         <size>0x5</size>
         <input_file_ref idref="fl-2d"/>
      </object_component>
      <object_component id="oc-272">
         <name>.econst:.string:_s_code_rstd</name>
         <load_address>0x311d50</load_address>
         <run_address>0x311d50</run_address>
         <size>0x5</size>
         <input_file_ref idref="fl-2d"/>
      </object_component>
      <object_component id="oc-25c">
         <name>.econst:.string:_s_code_stop</name>
         <load_address>0x311d55</load_address>
         <run_address>0x311d55</run_address>
         <size>0x5</size>
         <input_file_ref idref="fl-2d"/>
      </object_component>
      <object_component id="oc-26d">
         <name>.econst:.string:_s_code_then</name>
         <load_address>0x311d5a</load_address>
         <run_address>0x311d5a</run_address>
         <size>0x5</size>
         <input_file_ref idref="fl-2d"/>
      </object_component>
      <object_component id="oc-277">
         <name>.econst:.string:_s_code_tool</name>
         <load_address>0x311d5f</load_address>
         <run_address>0x311d5f</run_address>
         <size>0x5</size>
         <input_file_ref idref="fl-2d"/>
      </object_component>
      <object_component id="oc-269">
         <name>.econst:.string:_s_code_wait</name>
         <load_address>0x311d64</load_address>
         <run_address>0x311d64</run_address>
         <size>0x5</size>
         <input_file_ref idref="fl-2d"/>
      </object_component>
      <object_component id="oc-165">
         <name>.econst:.string</name>
         <load_address>0x311d6a</load_address>
         <run_address>0x311d6a</run_address>
         <size>0x4</size>
         <input_file_ref idref="fl-2d"/>
      </object_component>
      <object_component id="oc-235">
         <name>.econst:.string:_$P$T0$1</name>
         <load_address>0x311d6e</load_address>
         <run_address>0x311d6e</run_address>
         <size>0x4</size>
         <input_file_ref idref="fl-1f"/>
      </object_component>
      <object_component id="oc-237">
         <name>.econst:.string:_$P$T1$5</name>
         <load_address>0x311d72</load_address>
         <run_address>0x311d72</run_address>
         <size>0x4</size>
         <input_file_ref idref="fl-1f"/>
      </object_component>
      <object_component id="oc-254">
         <name>.econst:.string:_s_code_acc</name>
         <load_address>0x311d76</load_address>
         <run_address>0x311d76</run_address>
         <size>0x4</size>
         <input_file_ref idref="fl-2d"/>
      </object_component>
      <object_component id="oc-25a">
         <name>.econst:.string:_s_code_dly</name>
         <load_address>0x311d7a</load_address>
         <run_address>0x311d7a</run_address>
         <size>0x4</size>
         <input_file_ref idref="fl-2d"/>
      </object_component>
      <object_component id="oc-25b">
         <name>.econst:.string:_s_code_end</name>
         <load_address>0x311d7e</load_address>
         <run_address>0x311d7e</run_address>
         <size>0x4</size>
         <input_file_ref idref="fl-2d"/>
      </object_component>
      <object_component id="oc-25e">
         <name>.econst:.string:_s_code_mov</name>
         <load_address>0x311d82</load_address>
         <run_address>0x311d82</run_address>
         <size>0x4</size>
         <input_file_ref idref="fl-2d"/>
      </object_component>
      <object_component id="oc-261">
         <name>.econst:.string:_s_code_mvc</name>
         <load_address>0x311d86</load_address>
         <run_address>0x311d86</run_address>
         <size>0x4</size>
         <input_file_ref idref="fl-2d"/>
      </object_component>
      <object_component id="oc-25f">
         <name>.econst:.string:_s_code_mvh</name>
         <load_address>0x311d8a</load_address>
         <run_address>0x311d8a</run_address>
         <size>0x4</size>
         <input_file_ref idref="fl-2d"/>
      </object_component>
      <object_component id="oc-260">
         <name>.econst:.string:_s_code_mvr</name>
         <load_address>0x311d8e</load_address>
         <run_address>0x311d8e</run_address>
         <size>0x4</size>
         <input_file_ref idref="fl-2d"/>
      </object_component>
      <object_component id="oc-25d">
         <name>.econst:.string:_s_code_mvs</name>
         <load_address>0x311d92</load_address>
         <run_address>0x311d92</run_address>
         <size>0x4</size>
         <input_file_ref idref="fl-2d"/>
      </object_component>
      <object_component id="oc-267">
         <name>.econst:.string:_s_code_pin</name>
         <load_address>0x311d96</load_address>
         <run_address>0x311d96</run_address>
         <size>0x4</size>
         <input_file_ref idref="fl-2d"/>
      </object_component>
      <object_component id="oc-27b">
         <name>.econst:_b$1</name>
         <load_address>0x311d9a</load_address>
         <run_address>0x311d9a</run_address>
         <size>0x4</size>
         <input_file_ref idref="fl-40"/>
      </object_component>
      <object_component id="oc-27d">
         <name>.econst:_c$1</name>
         <load_address>0x311d9e</load_address>
         <run_address>0x311d9e</run_address>
         <size>0x4</size>
         <input_file_ref idref="fl-41"/>
      </object_component>
      <object_component id="oc-27c">
         <name>.econst:_c$2</name>
         <load_address>0x311da2</load_address>
         <run_address>0x311da2</run_address>
         <size>0x4</size>
         <input_file_ref idref="fl-40"/>
      </object_component>
      <object_component id="oc-26b">
         <name>.econst:.string:_s_code_ft</name>
         <load_address>0x311da6</load_address>
         <run_address>0x311da6</run_address>
         <size>0x3</size>
         <input_file_ref idref="fl-2d"/>
      </object_component>
      <object_component id="oc-26c">
[...]
         <object_component_ref idref="oc-151"/>
      </symbol>
      <symbol id="sm-11d3">
         <name>_copy_program</name>
         <value>0x303cc1</value>
         <object_component_ref idref="oc-151"/>
      </symbol>
      <symbol id="sm-11d4">
         <name>_GetPositionAngleStrings</name>
         <value>0x303628</value>
         <object_component_ref idref="oc-151"/>
      </symbol>
      <symbol id="sm-11d5">
         <name>_CheckPnum</name>
         <value>0x3035ac</value>
         <object_component_ref idref="oc-151"/>
      </symbol>
      <symbol id="sm-11d6">
         <name>_DeleteColumnChar</name>
         <value>0x30374e</value>
         <object_component_ref idref="oc-151"/>
      </symbol>
      <symbol id="sm-11d7">
         <name>_CheckPositionState</name>
         <value>0x3036a8</value>
         <object_component_ref idref="oc-151"/>
      </symbol>
      <symbol id="sm-11d8">
         <name>_longToString</name>
         <value>0x305cc8</value>
         <object_component_ref idref="oc-151"/>
      </symbol>
      <symbol id="sm-11d9">
         <name>_NewProgram</name>
         <value>0x30382d</value>
         <object_component_ref idref="oc-151"/>
      </symbol>
      <symbol id="sm-11da">
         <name>_GetOvrd</name>
         <value>0x30487b</value>
         <object_component_ref idref="oc-151"/>
      </symbol>
      <symbol id="sm-11db">
         <name>_IncreaseEmptyRow</name>
         <value>0x303712</value>
         <object_component_ref idref="oc-151"/>
      </symbol>
      <symbol id="sm-11dc">
         <name>_ModifyOvrd</name>
         <value>0x304880</value>
         <object_component_ref idref="oc-151"/>
      </symbol>
      <symbol id="sm-11dd">
         <name>_ExecuteWait</name>
         <value>0x304923</value>
         <object_component_ref idref="oc-151"/>
      </symbol>
      <symbol id="sm-11de">
         <name>_DeletePosition</name>
         <value>0x3035e8</value>
         <object_component_ref idref="oc-151"/>
      </symbol>
      <symbol id="sm-11df">
         <name>_ClearRowChar</name>
         <value>0x303775</value>
         <object_component_ref idref="oc-151"/>
      </symbol>
      <symbol id="sm-11e0">
         <name>_ModifySpeed</name>
         <value>0x3048b6</value>
         <object_component_ref idref="oc-151"/>
      </symbol>
      <symbol id="sm-11e1">
         <name>_ExecuteTool</name>
         <value>0x3059b6</value>
         <object_component_ref idref="oc-151"/>
      </symbol>
      <symbol id="sm-11e2">
         <name>_DeleteRow</name>
         <value>0x303787</value>
         <object_component_ref idref="oc-151"/>
      </symbol>
      <symbol id="sm-11e3">
         <name>_ProgramStepRun</name>
         <value>0x303f40</value>
         <object_component_ref idref="oc-151"/>
      </symbol>
      <symbol id="sm-11e4">
         <name>_SaveAxisNumber</name>
         <value>0x303ddc</value>
         <object_component_ref idref="oc-151"/>
      </symbol>
      <symbol id="sm-11e5">
         <name>_ExecuteFtx</name>
         <value>0x304990</value>
         <object_component_ref idref="oc-151"/>
      </symbol>
      <symbol id="sm-11e6">
         <name>_GetCurrentAngleStrings</name>
         <value>0x3035ea</value>
         <object_component_ref idref="oc-151"/>
      </symbol>
      <symbol id="sm-11e7">
         <name>_s_program_name_num</name>
         <value>0x8062</value>
         <object_component_ref idref="oc-154"/>
      </symbol>
      <symbol id="sm-11e8">
         <name>_SingleAxisAngleChange</name>
         <value>0x305fca</value>
         <object_component_ref idref="oc-151"/>
      </symbol>
      <symbol id="sm-11e9">
         <name>_ExecuteNx</name>
         <value>0x304dba</value>
         <object_component_ref idref="oc-151"/>
      </symbol>
      <symbol id="sm-11ea">
         <name>_get_s_value</name>
         <value>0x303408</value>
         <object_component_ref idref="oc-151"/>
      </symbol>
      <symbol id="sm-11eb">
         <name>_ModifyAllSpeed</name>
         <value>0x30486e</value>
         <object_component_ref idref="oc-151"/>
      </symbol>
      <symbol id="sm-11ec">
         <name>_GetExStorageState</name>
         <value>0x30610a</value>
         <object_component_ref idref="oc-151"/>
      </symbol>
      <symbol id="sm-11ed">
         <name>_SavePositionData</name>
         <value>0x303547</value>
         <object_component_ref idref="oc-151"/>
      </symbol>
      <symbol id="sm-11ee">
         <name>_GetCodeStrings</name>
         <value>0x30341b</value>
         <object_component_ref idref="oc-151"/>
      </symbol>
      <symbol id="sm-11ef">
         <name>_ExecuteReturn</name>
         <value>0x3042a2</value>
         <object_component_ref idref="oc-151"/>
      </symbol>
      <symbol id="sm-11f0">
         <name>_GetRowPositionValue</name>
         <value>0x3036c9</value>
         <object_component_ref idref="oc-151"/>
      </symbol>
      <symbol id="sm-11f1">
         <name>_My_DoubleToString</name>
         <value>0x305bc9</value>
         <object_component_ref idref="oc-151"/>
      </symbol>
      <symbol id="sm-11f2">
         <name>_import_program</name>
         <value>0x306312</value>
         <object_component_ref idref="oc-151"/>
      </symbol>
      <symbol id="sm-1252">
         <name>_SpiSendReadOneByte</name>
         <value>0x30e538</value>
         <object_component_ref idref="oc-15b"/>
      </symbol>
      <symbol id="sm-1253">
         <name>_SendManipulatorPositionValue</name>
         <value>0x30e763</value>
         <object_component_ref idref="oc-15b"/>
      </symbol>
      <symbol id="sm-1254">
         <name>_SendComponentNum</name>
         <value>0x30e72f</value>
         <object_component_ref idref="oc-15b"/>
      </symbol>
      <symbol id="sm-1255">
         <name>_SendProgramName</name>
         <value>0x30e7c8</value>
         <object_component_ref idref="oc-15b"/>
      </symbol>
      <symbol id="sm-1256">
         <name>_CompareFrameData</name>
         <value>0x30e705</value>
         <object_component_ref idref="oc-15b"/>
      </symbol>
      <symbol id="sm-1257">
         <name>_SpiReceiveNetData</name>
         <value>0x30e652</value>
         <object_component_ref idref="oc-15b"/>
      </symbol>
      <symbol id="sm-1258">
         <name>_Cycle_Query_Uppermachine</name>
         <value>0x30e7fd</value>
         <object_component_ref idref="oc-15b"/>
      </symbol>
      <symbol id="sm-1259">
         <name>_Warningup_Querydown</name>
         <value>0x30e814</value>
         <object_component_ref idref="oc-15b"/>
      </symbol>
      <symbol id="sm-125a">
         <name>_SpiReceiveCmd</name>
         <value>0x30e576</value>
         <object_component_ref idref="oc-15b"/>
      </symbol>
      <symbol id="sm-125b">
         <name>_JudgeReceiveData</name>
         <value>0x30e6e3</value>
         <object_component_ref idref="oc-15b"/>
      </symbol>
      <symbol id="sm-125c">
         <name>_SpiReceiveData</name>
         <value>0x30e5a5</value>
         <object_component_ref idref="oc-15b"/>
      </symbol>
      <symbol id="sm-125d">
         <name>_SendProgramNum</name>
         <value>0x30e797</value>
         <object_component_ref idref="oc-15b"/>
      </symbol>
      <symbol id="sm-125e">
         <name>_SpiSendData</name>
         <value>0x30e60d</value>
         <object_component_ref idref="oc-15b"/>
      </symbol>
      <symbol id="sm-125f">
         <name>_JudgeReceiveFrame</name>
         <value>0x30e6ad</value>
         <object_component_ref idref="oc-15b"/>
      </symbol>
      <symbol id="sm-1260">
         <name>_SpiSendCmd</name>
         <value>0x30e554</value>
         <object_component_ref idref="oc-15b"/>
      </symbol>
      <symbol id="sm-1261">
         <name>_warning_solve</name>
         <value>0x30e870</value>
         <object_component_ref idref="oc-15b"/>
      </symbol>
      <symbol id="sm-1262">
         <name>_SpiSendNetdata</name>
         <value>0x30e685</value>
         <object_component_ref idref="oc-15b"/>
      </symbol>
      <symbol id="sm-1681">
         <name>_BuildProgram</name>
         <value>0x3090cf</value>
         <object_component_ref idref="oc-162"/>
      </symbol>
      <symbol id="sm-1682">
         <name>_CheckGrammar</name>
         <value>0x308e4c</value>
         <object_component_ref idref="oc-162"/>
      </symbol>
      <symbol id="sm-1683">
         <name>_GetCommand</name>
         <value>0x308fd0</value>
         <object_component_ref idref="oc-162"/>
      </symbol>
      <symbol id="sm-1697">
         <name>_c_int00</name>
         <value>0x30fcf5</value>
         <object_component_ref idref="oc-47"/>
      </symbol>
      <symbol id="sm-1698">
         <name>__stack</name>
         <value>0x9000</value>
         <object_component_ref idref="oc-169"/>
      </symbol>
      <symbol id="sm-16a9">
         <name>C$$EXIT</name>
         <value>0x3100f0</value>
         <object_component_ref idref="oc-16e"/>
      </symbol>
      <symbol id="sm-16aa">
         <name>_exit</name>
         <value>0x3100f2</value>
         <object_component_ref idref="oc-16e"/>
      </symbol>
      <symbol id="sm-16ab">
         <name>___TI_cleanup_ptr</name>
         <value>0x8800</value>
         <object_component_ref idref="oc-171"/>
      </symbol>
      <symbol id="sm-16ac">
         <name>_abort</name>
         <value>0x3100f0</value>
         <object_component_ref idref="oc-16e"/>
      </symbol>
      <symbol id="sm-16ad">
         <name>___TI_dtors_ptr</name>
         <value>0x8802</value>
         <object_component_ref idref="oc-171"/>
      </symbol>
      <symbol id="sm-16bb">
         <name>__unlock</name>
         <value>0x877a</value>
         <object_component_ref idref="oc-178"/>
      </symbol>
      <symbol id="sm-16bc">
         <name>__lock</name>
         <value>0x877c</value>
         <object_component_ref idref="oc-178"/>
      </symbol>
      <symbol id="sm-16bd">
         <name>__register_lock</name>
         <value>0x3101b7</value>
         <object_component_ref idref="oc-175"/>
      </symbol>
      <symbol id="sm-16be">
         <name>__nop</name>
         <value>0x3101bb</value>
         <object_component_ref idref="oc-175"/>
      </symbol>
      <symbol id="sm-16bf">
         <name>__register_unlock</name>
         <value>0x3101b3</value>
         <object_component_ref idref="oc-175"/>
      </symbol>
      <symbol id="sm-16cb">
         <name>__args_main</name>
         <value>0x3100d7</value>
         <object_component_ref idref="oc-17c"/>
      </symbol>
      <symbol id="sm-16cc">
         <name>__TI_args_main</name>
         <value>0x1</value>
      </symbol>
      <symbol id="sm-16d4">
         <name>_sqrt</name>
         <value>0x310003</value>
         <object_component_ref idref="oc-181"/>
      </symbol>
      <symbol id="sm-16dc">
         <name>_sin</name>
         <value>0x30fda3</value>
         <object_component_ref idref="oc-185"/>
      </symbol>
      <symbol id="sm-16e4">
         <name>FS$$DIV</name>
         <value>0x310109</value>
         <object_component_ref idref="oc-189"/>
      </symbol>
      <symbol id="sm-16ec">
         <name>_cos</name>
         <value>0x30fd6f</value>
         <object_component_ref idref="oc-18d"/>
      </symbol>
      <symbol id="sm-16f4">
         <name>_atan2</name>
         <value>0x30fc5e</value>
         <object_component_ref idref="oc-191"/>
      </symbol>
      <symbol id="sm-16fc">
         <name>_FPUcosTableEnd</name>
         <value>0x3ff0de</value>
         <object_component_ref idref="oc-195"/>
      </symbol>
      <symbol id="sm-16fd">
         <name>_FPUatan2TableEnd</name>
         <value>0x3ff268</value>
         <object_component_ref idref="oc-195"/>
      </symbol>
      <symbol id="sm-16fe">
         <name>_FPUatan2Table</name>
         <value>0x3ff0e2</value>
         <object_component_ref idref="oc-195"/>
      </symbol>
      <symbol id="sm-16ff">
         <name>_FPUsinTable</name>
         <value>0x3febdc</value>
         <object_component_ref idref="oc-195"/>
      </symbol>
      <symbol id="sm-1700">
         <name>_FPUcosTable</name>
         <value>0x3fecdc</value>
         <object_component_ref idref="oc-195"/>
      </symbol>
      <symbol id="sm-1701">
         <name>_FPUatan2HalfPITable</name>
         <value>0x3ff0de</value>
         <object_component_ref idref="oc-195"/>
      </symbol>
      <symbol id="sm-1702">
         <name>_FPUsinTableEnd</name>
         <value>0x3fefdc</value>
         <object_component_ref idref="oc-195"/>
      </symbol>
      <symbol id="sm-1718">
         <name>_acos</name>
         <value>0x30f9fc</value>
         <object_component_ref idref="oc-196"/>
      </symbol>
      <symbol id="sm-172a">
         <name>_asin</name>
         <value>0x30f985</value>
         <object_component_ref idref="oc-19b"/>
      </symbol>
      <symbol id="sm-173b">
         <name>_atoi</name>
         <value>0x30fdd7</value>
         <object_component_ref idref="oc-1a0"/>
      </symbol>
      <symbol id="sm-174c">
         <name>_atol</name>
         <value>0x30fd3b</value>
         <object_component_ref idref="oc-1a5"/>
      </symbol>
      <symbol id="sm-1754">
         <name>__ctypes_</name>
         <value>0x3116ee</value>
         <object_component_ref idref="oc-27e"/>
      </symbol>
      <symbol id="sm-175e">
         <name>_errno</name>
         <value>0x87cf</value>
         <object_component_ref idref="oc-1ae"/>
      </symbol>
      <symbol id="sm-176a">
         <name>FD$$TOFS</name>
         <value>0x30ff5a</value>
         <object_component_ref idref="oc-1b0"/>
      </symbol>
      <symbol id="sm-1776">
         <name>FS$$TOFD</name>
         <value>0x31009f</value>
         <object_component_ref idref="oc-1b4"/>
      </symbol>
      <symbol id="sm-1784">
         <name>FS$$TOLL</name>
         <value>0x30ff34</value>
         <object_component_ref idref="oc-1b8"/>
      </symbol>
      <symbol id="sm-178c">
         <name>UL$$MOD</name>
         <value>0x30fedf</value>
         <object_component_ref idref="oc-1bc"/>
      </symbol>
      <symbol id="sm-178d">
         <name>L$$MOD</name>
         <value>0x30feca</value>
         <object_component_ref idref="oc-1bc"/>
      </symbol>
      <symbol id="sm-178e">
         <name>L$$DIV</name>
         <value>0x30febb</value>
         <object_component_ref idref="oc-1bc"/>
      </symbol>
      <symbol id="sm-178f">
         <name>UL$$DIV</name>
         <value>0x30fed8</value>
         <object_component_ref idref="oc-1bc"/>
      </symbol>
      <symbol id="sm-1799">
         <name>LL$$TOFS</name>
         <value>0x310024</value>
         <object_component_ref idref="oc-1c0"/>
      </symbol>
      <symbol id="sm-17a5">
         <name>_ltoa</name>
         <value>0x30fe65</value>
         <object_component_ref idref="oc-1c4"/>
      </symbol>
      <symbol id="sm-17b4">
         <name>___memcpy_ff</name>
         <value>0x30ffe2</value>
         <object_component_ref idref="oc-1c9"/>
      </symbol>
      <symbol id="sm-17c0">
         <name>_memset</name>
         <value>0x31019c</value>
         <object_component_ref idref="oc-1ce"/>
      </symbol>
      <symbol id="sm-17cc">
         <name>_sprintf</name>
         <value>0x30fe08</value>
         <object_component_ref idref="oc-1d3"/>
      </symbol>
      <symbol id="sm-17d9">
         <name>_strcat</name>
         <value>0x3101c5</value>
         <object_component_ref idref="oc-1d8"/>
      </symbol>
      <symbol id="sm-17e4">
         <name>_strcpy</name>
         <value>0x3101e5</value>
         <object_component_ref idref="oc-1dd"/>
      </symbol>
      <symbol id="sm-17ef">
         <name>_strlen</name>
         <value>0x3101d6</value>
         <object_component_ref idref="oc-1e2"/>
      </symbol>
      <symbol id="sm-181e">
         <name>_strtod</name>
         <value>0x30f367</value>
         <object_component_ref idref="oc-1e7"/>
      </symbol>
      <symbol id="sm-1826">
         <name>U$$MOD</name>
         <value>0x3101ad</value>
         <object_component_ref idref="oc-1ec"/>
      </symbol>
      <symbol id="sm-1827">
         <name>U$$DIV</name>
         <value>0x3101a8</value>
         <object_component_ref idref="oc-1ec"/>
      </symbol>
      <symbol id="sm-1831">
         <name>I$$MOD</name>
         <value>0x30ffb0</value>
         <object_component_ref idref="oc-1f0"/>
      </symbol>
      <symbol id="sm-1832">
         <name>I$$DIV</name>
         <value>0x30ff9f</value>
         <object_component_ref idref="oc-1f0"/>
      </symbol>
      <symbol id="sm-1939">
         <name>___TI_printfi</name>
         <value>0x30c757</value>
         <object_component_ref idref="oc-1f4"/>
      </symbol>
      <symbol id="sm-1945">
         <name>FD$$CMP</name>
         <value>0x30fe91</value>
         <object_component_ref idref="oc-1fb"/>
      </symbol>
      <symbol id="sm-1958">
         <name>FD$$DIV</name>
         <value>0x30f7f2</value>
         <object_component_ref idref="oc-1ff"/>
      </symbol>
      <symbol id="sm-1966">
         <name>FD$$MPY</name>
         <value>0x30f902</value>
         <object_component_ref idref="oc-203"/>
      </symbol>
      <symbol id="sm-196f">
         <name>FD$$NEG</name>
         <value>0x3101bc</value>
         <object_component_ref idref="oc-207"/>
      </symbol>
      <symbol id="sm-1977">
         <name>FD$$SUB</name>
         <value>0x310175</value>
         <object_component_ref idref="oc-20b"/>
      </symbol>
      <symbol id="sm-1982">
         <name>FD$$TOI</name>
         <value>0x30ffc1</value>
         <object_component_ref idref="oc-20f"/>
      </symbol>
      <symbol id="sm-198d">
         <name>FD$$TOL</name>
         <value>0x310044</value>
         <object_component_ref idref="oc-213"/>
      </symbol>
      <symbol id="sm-1995">
         <name>LL$$AND</name>
         <value>0x310122</value>
         <object_component_ref idref="oc-217"/>
      </symbol>
      <symbol id="sm-1996">
         <name>LL$$OR</name>
         <value>0x31012a</value>
         <object_component_ref idref="oc-217"/>
      </symbol>
      <symbol id="sm-1997">
         <name>LL$$XOR</name>
         <value>0x310132</value>
         <object_component_ref idref="oc-217"/>
      </symbol>
      <symbol id="sm-19a1">
         <name>ULL$$CMP</name>
         <value>0x310093</value>
         <object_component_ref idref="oc-21b"/>
      </symbol>
      <symbol id="sm-19a2">
         <name>LL$$CMP</name>
         <value>0x310081</value>
         <object_component_ref idref="oc-21b"/>
      </symbol>
      <symbol id="sm-19c9">
         <name>ULL$$MOD</name>
         <value>0x30f52f</value>
         <object_component_ref idref="oc-21f"/>
      </symbol>
      <symbol id="sm-19ca">
         <name>ULL$$DIV</name>
         <value>0x30f500</value>
         <object_component_ref idref="oc-21f"/>
      </symbol>
      <symbol id="sm-19cb">
         <name>LL$$MOD</name>
         <value>0x30f4c6</value>
         <object_component_ref idref="oc-21f"/>
      </symbol>
      <symbol id="sm-19cc">
         <name>LL$$DIV</name>
         <value>0x30f48a</value>
         <object_component_ref idref="oc-21f"/>
      </symbol>
      <symbol id="sm-19d4">
         <name>LL$$MPY</name>
         <value>0x31014e</value>
         <object_component_ref idref="oc-223"/>
      </symbol>
      <symbol id="sm-19e0">
         <name>L$$TOFD</name>
         <value>0x3100bb</value>
         <object_component_ref idref="oc-227"/>
      </symbol>
      <symbol id="sm-19ed">
         <name>_memccpy</name>
         <value>0x310183</value>
         <object_component_ref idref="oc-22b"/>
      </symbol>
      <symbol id="sm-1a04">
         <name>FD$$ADD</name>
         <value>0x30f756</value>
         <object_component_ref idref="oc-230"/>
      </symbol>
   </symbol_table>
   <title>Link successful</title>
</link_info>
