******************************************************************************
             TMS320C2000 Linker PC v6.2.0                      
******************************************************************************
>> Linked Mon Jan 25 11:38:21 2021

OUTPUT FILE NAME:   <My ManipulatorV3.8.8.out>
ENTRY POINT SYMBOL: "_c_int00"  address: 0030fcf5


MEMORY CONFIGURATION

         name            origin    length      used     unused   attr    fill
----------------------  --------  ---------  --------  --------  ----  --------
PAGE 0:
  RAML0                 00000050   000007b0  00000594  0000021c  RWIX
  FLASHFED              00300000   00028000  0001220d  00015df3  RWIX
  FLASHC                00328000   00008000  00000594  00007a6c  RWIX
  FLASHA                00338000   00007f80  00000000  00007f80  RWIX
  CSM_RSVD              0033ff80   00000076  00000076  00000000  RWIX
  BEGIN                 0033fff6   00000002  00000002  00000000  RWIX
  CSM_PWL               0033fff8   00000008  00000008  00000000  RWIX
  ADC_CAL               00380080   00000009  00000007  00000002  RWIX
  OTP                   00380400   00000400  00000000  00000400  RWIX
  IQTABLES              003fe000   00000b50  00000000  00000b50  RWIX
  IQTABLES2             003feb50   0000008c  00000000  0000008c  RWIX
  FPUTABLES             003febdc   000006a0  000006a0  00000000  RWIX
  ROM                   003ff27c   00000d44  00000000  00000d44  RWIX
  RESET                 003fffc0   00000002  00000000  00000002  RWIX
  VECTORS               003fffc2   0000003e  00000000  0000003e  RWIX

PAGE 1:
  BOOT_RSVD             00000000   00000050  00000000  00000050  RWIX
  DEV_EMU               00000880   00000180  000000d0  000000b0  RWIX
  FLASH_REGS            00000a80   00000060  00000008  00000058  RWIX
  CSM                   00000ae0   00000010  00000010  00000000  RWIX
  ADC_MIRROR            00000b00   00000010  00000010  00000000  RWIX
  XINTF                 00000b20   00000020  0000001e  00000002  RWIX
  CPU_TIMER0            00000c00   00000008  00000008  00000000  RWIX
  CPU_TIMER1            00000c08   00000008  00000008  00000000  RWIX
  CPU_TIMER2            00000c10   00000008  00000008  00000000  RWIX
  PIE_CTRL              00000ce0   00000020  0000001a  00000006  RWIX
  PIE_VECT              00000d00   00000100  00000100  00000000  RWIX
  DMA                   00001000   00000200  000000e0  00000120  RWIX
  MCBSPA                00005000   00000040  00000025  0000001b  RWIX
  MCBSPB                00005040   00000040  00000025  0000001b  RWIX
  ECANA                 00006000   00000040  00000034  0000000c  RWIX
  ECANA_LAM             00006040   00000040  00000040  00000000  RWIX
  ECANA_MOTS            00006080   00000040  00000040  00000000  RWIX
  ECANA_MOTO            000060c0   00000040  00000040  00000000  RWIX
  ECANA_MBOX            00006100   00000100  00000100  00000000  RWIX
  ECANB                 00006200   00000040  00000034  0000000c  RWIX
  ECANB_LAM             00006240   00000040  00000040  00000000  RWIX
  ECANB_MOTS            00006280   00000040  00000040  00000000  RWIX
  ECANB_MOTO            000062c0   00000040  00000040  00000000  RWIX
  ECANB_MBOX            00006300   00000100  00000100  00000000  RWIX
  EPWM1                 00006800   00000022  00000022  00000000  RWIX
  EPWM2                 00006840   00000022  00000022  00000000  RWIX
  EPWM3                 00006880   00000022  00000022  00000000  RWIX
  EPWM4                 000068c0   00000022  00000022  00000000  RWIX
  EPWM5                 00006900   00000022  00000022  00000000  RWIX
  EPWM6                 00006940   00000022  00000022  00000000  RWIX
  ECAP1                 00006a00   00000020  00000020  00000000  RWIX
  ECAP2                 00006a20   00000020  00000020  00000000  RWIX
  ECAP3                 00006a40   00000020  00000020  00000000  RWIX
  ECAP4                 00006a60   00000020  00000020  00000000  RWIX
  ECAP5                 00006a80   00000020  00000020  00000000  RWIX
  ECAP6                 00006aa0   00000020  00000020  00000000  RWIX
  EQEP1                 00006b00   00000040  00000040  00000000  RWIX
  EQEP2                 00006b40   00000040  00000040  00000000  RWIX
  GPIOCTRL              00006f80   00000040  0000002e  00000012  RWIX
  GPIODAT               00006fc0   00000020  00000020  00000000  RWIX
  GPIOINT               00006fe0   00000020  0000000a  00000016  RWIX
  SYSTEM                00007010   00000020  00000020  00000000  RWIX
  SPIA                  00007040   00000010  00000010  00000000  RWIX
  SCIA                  00007050   00000010  00000010  00000000  RWIX
  XINTRUPT              00007070   00000010  00000010  00000000  RWIX
  ADC                   00007100   00000020  0000001e  00000002  RWIX
  SCIB                  00007750   00000010  00000010  00000000  RWIX
  SCIC                  00007770   00000010  00000010  00000000  RWIX
  I2CA                  00007900   00000040  00000022  0000001e  RWIX
  RAMM01                00008000   00001000  00000804  000007fc  RWIX
  RAML1                 00009000   00002000  00001000  00001000  RWIX
  RAML234567            0000b000   00005000  00003f58  000010a8  RWIX
  FLASHB                00330000   00008000  00000000  00008000  RWIX
  CSM_PWL               0033fff8   00000008  00000008  00000000  RWIX


SECTION ALLOCATION MAP

 output                                  attributes/
section   page    origin      length       input sections
--------  ----  ----------  ----------   ----------------
.pinit     0    00300000    00000000     UNINITIALIZED

.text      0    00300000    000101ed     
                  00300000    000033de     Touch_screen.obj (.text)
                  003033de    000030c3     EditProgram.obj (.text)
                  003064a1    000029ab     kinematic_explain.obj (.text)
                  00308e4c    0000199e     BuildProgram.obj (.text)
                  0030a7ea    000016dc     ScreenApi.obj (.text)
                  0030bec6    00000981     rts2800_fpu32.lib : _printfi.obj (.text)
                  0030c847    00000659     DSP2833x_DefaultIsr.obj (.text:retain)
                  0030cea0    0000054b     Man_DriverScreen.obj (.text)
                  0030d3eb    000004e4     Man_MCX31xAS.obj (.text)
                  0030d8cf    000004c6     ReadEncoder.obj (.text)
                  0030dd95    00000400     KeyboardDriver.obj (.text)
                  0030e195    000003a3     DSP2833x_DMA.obj (.text)
                  0030e538    0000037b     DSP28335_Spi.obj (.text)
                  0030e8b3    000002ca     Manipulatorv3.2.1.obj (.text)
                  0030eb7d    000002ad     Man_Nandflash.obj (.text)
                  0030ee2a    000001a7     DSP2833x_Mcbsp.obj (.text)
                  0030efd1    0000013b     Sanxie_Servo.obj (.text)
                  0030f10c    0000012e     DSP2833x_Xintf.obj (.text)
                  0030f23a    0000012d     DSP2833x_ECan.obj (.text)
                  0030f367    00000123     rts2800_fpu32.lib : strtod.obj (.text)
                  0030f48a    00000107                       : ll_div.obj (.text)
                  0030f591    00000101     DSP2833x_SysCtrl.obj (.text)
                  0030f692    000000c4     DSP2833x_EPwm.obj (.text)
                  0030f756    0000009c     rts2800_fpu32.lib : fd_add.obj (.text)
                  0030f7f2    0000008b                       : fd_div.obj (.text)
                  0030f87d    00000085     DSP2833x_Sci.obj (.text)
                  0030f902    00000083     rts2800_fpu32.lib : fd_mpy.obj (.text)
                  0030f985    00000077                       : asin.obj (.text)
                  0030f9fc    00000071                       : acos.obj (.text)
                  0030fa6d    00000070     crc.obj (.text)
                  0030fadd    0000006f     DSP2833x_ECap.obj (.text)
                  0030fb4c    00000060     DSP2833x_EQep.obj (.text)
                  0030fbac    0000005e     DSP2833x_CpuTimers.obj (.text)
                  0030fc0a    00000054     My_USART.obj (.text)
                  0030fc5e    0000004f     rts2800_fpu32_fast_supplement.lib : atan2_f32.obj (.text)
                  0030fcad    00000048     DSP2833x_Spi.obj (.text)
                  0030fcf5    00000046     rts2800_fpu32.lib : boot.obj (.text)
                  0030fd3b    00000034                       : atol.obj (.text)
                  0030fd6f    00000034     rts2800_fpu32_fast_supplement.lib : cos_f32.obj (.text)
                  0030fda3    00000034                                       : sin_f32.obj (.text)
                  0030fdd7    00000031     rts2800_fpu32.lib : atoi.obj (.text)
                  0030fe08    0000002f                       : sprintf.obj (.text)
                  0030fe37    0000002e     My_Delay.obj (.text)
                  0030fe65    0000002c     rts2800_fpu32.lib : ltoa.obj (.text)
                  0030fe91    0000002a                       : fd_cmp.obj (.text)
                  0030febb    0000002a                       : l_div.obj (.text)
                  0030fee5    00000028     DSP2833x_PieCtrl.obj (.text)
                  0030ff0d    00000027     My_Project.obj (.text)
                  0030ff34    00000026     rts2800_fpu32.lib : fs_toll.obj (.text)
                  0030ff5a    00000023                       : fd_tofs.obj (.text)
                  0030ff7d    00000022     DSP2833x_Gpio.obj (.text)
                  0030ff9f    00000022     rts2800_fpu32.lib : i_div.obj (.text)
                  0030ffc1    00000021                       : fd_toi.obj (.text)
                  0030ffe2    00000021                       : memcpy_ff.obj (.text)
                  00310003    00000021     rts2800_fpu32_fast_supplement.lib : sqrt_f32.obj (.text)
                  00310024    00000020     rts2800_fpu32.lib : ll_tofs.obj (.text)
                  00310044    0000001f                       : fd_tol.obj (.text)
                  00310063    0000001e     DSP2833x_I2C.obj (.text)
                  00310081    0000001e     rts2800_fpu32.lib : ll_cmp.obj (.text)
                  0031009f    0000001c                       : fs_tofd.obj (.text)
                  003100bb    0000001c                       : l_tofd.obj (.text)
                  003100d7    00000019                       : args_main.obj (.text)
                  003100f0    00000019                       : exit.obj (.text)
                  00310109    00000019     rts2800_fpu32_fast_supplement.lib : div_f32.obj (.text)
                  00310122    00000018     rts2800_fpu32.lib : ll_aox.obj (.text)
                  0031013a    00000014     DSP2833x_Adc.obj (.text)
                  0031014e    00000014     rts2800_fpu32.lib : ll_mpy.obj (.text)
                  00310162    00000013     DSP2833x_PieVect.obj (.text)
                  00310175    0000000e     rts2800_fpu32.lib : fd_sub.obj (.text)
                  00310183    0000000d                       : memccpy.obj (.text)
                  00310190    0000000c     DSP2833x_MemCopy.obj (.text)
                  0031019c    0000000c     rts2800_fpu32.lib : memset.obj (.text)
                  003101a8    0000000b                       : u_div.obj (.text)
                  003101b3    00000009                       : _lock.obj (.text)
                  003101bc    00000009                       : fd_neg.obj (.text)
                  003101c5    00000009                       : strcat.obj (.text)
                  003101ce    00000008     DSP2833x_CodeStartBranch.obj (.text)
                  003101d6    00000008     rts2800_fpu32.lib : strlen.obj (.text)
                  003101de    00000007     DSP2833x_DisInt.obj (.text)
                  003101e5    00000005     rts2800_fpu32.lib : strcpy.obj (.text)
                  003101ea    00000003     DSP2833x_DBGIER.obj (.text)

.econst    0    003101ee    00001bca     
                  003101ee    00000b52     Touch_screen.obj (.econst:_error_information)
                  00310d40    000005ad     Touch_screen.obj (.econst:.string)
                  003112ed    00000001     --HOLE-- [fill = 0]
                  003112ee    00000400     Touch_screen.obj (.econst)
                  003116ee    00000101     rts2800_fpu32.lib : ctype.obj (.econst:.string:__ctypes_)
                  003117ef    00000001     --HOLE-- [fill = 0]
                  003117f0    00000100     DSP2833x_PieVect.obj (.econst)
                  003118f0    00000100     crc.obj (.econst:_crc_table)
                  003119f0    0000008a     Manipulatorv3.2.1.obj (.econst:.string)
                  00311a7a    00000056     ScreenApi.obj (.econst:.string)
                  00311ad0    0000002c     Touch_screen.obj (.econst:.string:_LOST_ORIGIN)
                  00311afc    00000024     rts2800_fpu32.lib : _printfi.obj (.econst:.string)
                  00311b20    00000020     Touch_screen.obj (.econst:.string:_AXIS_LIMITED)
                  00311b40    0000001d     Touch_screen.obj (.econst:.string:_INTERNAL_COMM_ERR)
                  00311b5d    0000001c     Touch_screen.obj (.econst:.string:_EMERGENCY_STOP)
                  00311b79    00000018     Touch_screen.obj (.econst:.string:_KEEP_SAVE_BTN)
                  00311b91    00000018     Touch_screen.obj (.econst:.string:_READ_EX_ERR)
                  00311ba9    00000001     --HOLE-- [fill = 0]
                  00311baa    00000018     rts2800_fpu32.lib : _printfi.obj (.econst)
                  00311bc2    00000015     Touch_screen.obj (.econst:.string:_EXPORT_SUCCESSFUL)
                  00311bd7    00000015     Touch_screen.obj (.econst:.string:_IMPORT_SUCCESSFUL)
                  00311bec    00000015     Touch_screen.obj (.econst:.string:_NAME_EMPTY)
                  00311c01    00000014     Touch_screen.obj (.econst:.string:_$P$T2$18)
                  00311c15    00000014     Touch_screen.obj (.econst:.string:_BRAKES_CLOSING)
                  00311c29    00000014     Touch_screen.obj (.econst:.string:_STORAGE_FULL)
                  00311c3d    00000001     --HOLE-- [fill = 0]
                  00311c3e    00000014     rts2800_fpu32.lib : strtod.obj (.econst:_digits)
                  00311c52    00000013     BuildProgram.obj (.econst)
                  00311c65    00000011     Touch_screen.obj (.econst:.string:_SAVE_FAILED)
                  00311c76    00000010     Touch_screen.obj (.econst:.string:_SERVO_OFF)
                  00311c86    0000000f     Touch_screen.obj (.econst:.string:_NAME_TOO_LONG)
                  00311c95    00000001     --HOLE-- [fill = 0]
                  00311c96    0000000d     EditProgram.obj (.econst:.string)
                  00311ca3    0000000d     Touch_screen.obj (.econst:.string:_FLASH_ERROR)
                  00311cb0    0000000d     Touch_screen.obj (.econst:.string:_NAME_REPETITION)
                  00311cbd    0000000c     Touch_screen.obj (.econst:.string:_NO_PROGRAM)
                  00311cc9    00000001     --HOLE-- [fill = 0]
                  00311cca    0000000c     rts2800_fpu32.lib : strtod.obj (.econst:_powerof10)
                  00311cd6    00000009     BuildProgram.obj (.econst:.string:_s_code_teamwork)
                  00311cdf    00000008     Touch_screen.obj (.econst:.string:_$P$T3$23)
                  00311ce7    00000008     BuildProgram.obj (.econst:.string:_s_code_network)
                  00311cef    00000008     BuildProgram.obj (.econst:.string:_s_code_toollen)
                  00311cf7    00000007     BuildProgram.obj (.econst:.string:_s_code_finish)
                  00311cfe    00000007     BuildProgram.obj (.econst:.string:_s_code_return)
                  00311d05    00000006     Touch_screen.obj (.econst:.string:_$P$T4$24)
                  00311d0b    00000006     Touch_screen.obj (.econst:.string:__ERROR)
                  00311d11    00000006     BuildProgram.obj (.econst:.string:_s_code_gosub)
                  00311d17    00000006     BuildProgram.obj (.econst:.string:_s_code_rs232)
                  00311d1d    00000006     BuildProgram.obj (.econst:.string:_s_code_speed)
                  00311d23    00000005     BuildProgram.obj (.econst:.string:_s_code_baud)
                  00311d28    00000005     BuildProgram.obj (.econst:.string:_s_code_disp)
                  00311d2d    00000005     BuildProgram.obj (.econst:.string:_s_code_else)
                  00311d32    00000005     BuildProgram.obj (.econst:.string:_s_code_goto)
                  00311d37    00000005     BuildProgram.obj (.econst:.string:_s_code_open)
                  00311d3c    00000005     BuildProgram.obj (.econst:.string:_s_code_ovrd)
                  00311d41    00000005     BuildProgram.obj (.econst:.string:_s_code_part)
                  00311d46    00000005     BuildProgram.obj (.econst:.string:_s_code_pout)
                  00311d4b    00000005     BuildProgram.obj (.econst:.string:_s_code_rsrd)
                  00311d50    00000005     BuildProgram.obj (.econst:.string:_s_code_rstd)
                  00311d55    00000005     BuildProgram.obj (.econst:.string:_s_code_stop)
                  00311d5a    00000005     BuildProgram.obj (.econst:.string:_s_code_then)
                  00311d5f    00000005     BuildProgram.obj (.econst:.string:_s_code_tool)
                  00311d64    00000005     BuildProgram.obj (.econst:.string:_s_code_wait)
                  00311d69    00000001     --HOLE-- [fill = 0]
                  00311d6a    00000004     BuildProgram.obj (.econst:.string)
                  00311d6e    00000004     Touch_screen.obj (.econst:.string:_$P$T0$1)
                  00311d72    00000004     Touch_screen.obj (.econst:.string:_$P$T1$5)
                  00311d76    00000004     BuildProgram.obj (.econst:.string:_s_code_acc)
                  00311d7a    00000004     BuildProgram.obj (.econst:.string:_s_code_dly)
                  00311d7e    00000004     BuildProgram.obj (.econst:.string:_s_code_end)
                  00311d82    00000004     BuildProgram.obj (.econst:.string:_s_code_mov)
                  00311d86    00000004     BuildProgram.obj (.econst:.string:_s_code_mvc)
                  00311d8a    00000004     BuildProgram.obj (.econst:.string:_s_code_mvh)
                  00311d8e    00000004     BuildProgram.obj (.econst:.string:_s_code_mvr)
                  00311d92    00000004     BuildProgram.obj (.econst:.string:_s_code_mvs)
                  00311d96    00000004     BuildProgram.obj (.econst:.string:_s_code_pin)
                  00311d9a    00000004     rts2800_fpu32.lib : acos.obj (.econst:_b$1)
                  00311d9e    00000004                       : asin.obj (.econst:_c$1)
                  00311da2    00000004                       : acos.obj (.econst:_c$2)
                  00311da6    00000003     BuildProgram.obj (.econst:.string:_s_code_ft)
                  00311da9    00000003     BuildProgram.obj (.econst:.string:_s_code_if)
                  00311dac    00000002     BuildProgram.obj (.econst:.string:_s_code_f)
                  00311dae    00000002     BuildProgram.obj (.econst:.string:_s_code_loop)
                  00311db0    00000002     BuildProgram.obj (.econst:.string:_s_code_n)
                  00311db2    00000002     BuildProgram.obj (.econst:.string:_s_code_px)
                  00311db4    00000002     BuildProgram.obj (.econst:.string:_s_code_sub)
                  00311db6    00000002     BuildProgram.obj (.econst:.string:_s_code_tray)

.cinit     0    00311db8    000002a8     
                  00311db8    0000009f     Touch_screen.obj (.cinit)
                  00311e57    00000083     EditProgram.obj (.cinit)
                  00311eda    00000078     DSP28335_Spi.obj (.cinit)
                  00311f52    0000004b     ScreenApi.obj (.cinit)
                  00311f9d    00000042     kinematic_explain.obj (.cinit)
                  00311fdf    00000022     DSP2833x_DefaultIsr.obj (.cinit)
                  00312001    00000016     KeyboardDriver.obj (.cinit)
                  00312017    00000014     My_Project.obj (.cinit)
                  0031202b    0000000a     Man_MCX31xAS.obj (.cinit)
                  00312035    0000000a     rts2800_fpu32.lib : _lock.obj (.cinit)
                  0031203f    0000000a                       : exit.obj (.cinit)
                  00312049    00000005     Man_Nandflash.obj (.cinit)
                  0031204e    00000004     DSP2833x_Sci.obj (.cinit)
                  00312052    00000004     Man_DriverScreen.obj (.cinit)
                  00312056    00000004     Manipulatorv3.2.1.obj (.cinit)
                  0031205a    00000004     rts2800_fpu32.lib : errno.obj (.cinit)
                  0031205e    00000002     --HOLE-- [fill = 0]

.switch    0    00312060    000001ae     
                  00312060    00000090     Touch_screen.obj (.switch:_setting_robot_para)
                  003120f0    00000054     BuildProgram.obj (.switch:_CheckGrammar)
                  00312144    00000050     EditProgram.obj (.switch:_ProgramStepRun)
                  00312194    00000028     Touch_screen.obj (.switch:_RecoverSpeed)
                  003121bc    00000022     Touch_screen.obj (.switch:_origin_sound_alarm)
                  003121de    00000018     Touch_screen.obj (.switch:_screen10)
                  003121f6    00000018     Touch_screen.obj (.switch:_screen22)

ramfuncs   0    00328000    00000594     RUN ADDR = 00000050
                  00328000    00000573     EditProgram.obj (ramfuncs)
                  00328573    0000001d     DSP2833x_SysCtrl.obj (ramfuncs)
                  00328590    00000004     DSP2833x_usDelay.obj (ramfuncs)

csm_rsvd   0    0033ff80    00000076     
                  0033ff80    00000076     DSP2833x_CSMPasswords.obj (csm_rsvd)

codestart 
*          0    0033fff6    00000002     
                  0033fff6    00000002     DSP2833x_CodeStartBranch.obj (codestart)

csmpasswds 
*          0    0033fff8    00000008     
                  0033fff8    00000008     DSP2833x_CSMPasswords.obj (csmpasswds)

.adc_cal   0    00380080    00000007     NOLOAD SECTION
                  00380080    00000007     DSP2833x_ADC_cal.obj (.adc_cal)

FPUmathTables 
*          0    003febdc    000006a0     NOLOAD SECTION
                  003febdc    000006a0     rts2800_fpu32_fast_supplement.lib : FPUmathTables.obj (FPUmathTables)

.reset     0    003fffc0    00000002     DSECT
                  003fffc0    00000002     rts2800_fpu32.lib : boot.obj (.reset)

vectors    0    003fffc2    00000000     DSECT

DevEmuRegsFile 
*          1    00000880    000000d0     UNINITIALIZED
                  00000880    000000d0     DSP2833x_GlobalVariableDefs.obj (DevEmuRegsFile)

FlashRegsFile 
*          1    00000a80    00000008     UNINITIALIZED
                  00000a80    00000008     DSP2833x_GlobalVariableDefs.obj (FlashRegsFile)

CsmRegsFile 
*          1    00000ae0    00000010     UNINITIALIZED
                  00000ae0    00000010     DSP2833x_GlobalVariableDefs.obj (CsmRegsFile)

AdcMirrorFile 
*          1    00000b00    00000010     UNINITIALIZED
                  00000b00    00000010     DSP2833x_GlobalVariableDefs.obj (AdcMirrorFile)

XintfRegsFile 
*          1    00000b20    0000001e     UNINITIALIZED
                  00000b20    0000001e     DSP2833x_GlobalVariableDefs.obj (XintfRegsFile)

CpuTimer0RegsFile 
*          1    00000c00    00000008     UNINITIALIZED
                  00000c00    00000008     DSP2833x_GlobalVariableDefs.obj (CpuTimer0RegsFile)

CpuTimer1RegsFile 
*          1    00000c08    00000008     UNINITIALIZED
                  00000c08    00000008     DSP2833x_GlobalVariableDefs.obj (CpuTimer1RegsFile)

CpuTimer2RegsFile 
*          1    00000c10    00000008     UNINITIALIZED
                  00000c10    00000008     DSP2833x_GlobalVariableDefs.obj (CpuTimer2RegsFile)

PieCtrlRegsFile 
*          1    00000ce0    0000001a     UNINITIALIZED
                  00000ce0    0000001a     DSP2833x_GlobalVariableDefs.obj (PieCtrlRegsFile)

PieVectTableFile 
*          1    00000d00    00000100     UNINITIALIZED
                  00000d00    00000100     DSP2833x_GlobalVariableDefs.obj (PieVectTableFile)

DmaRegsFile 
*          1    00001000    000000e0     UNINITIALIZED
                  00001000    000000e0     DSP2833x_GlobalVariableDefs.obj (DmaRegsFile)

McbspaRegsFile 
*          1    00005000    00000025     UNINITIALIZED
                  00005000    00000025     DSP2833x_GlobalVariableDefs.obj (McbspaRegsFile)

McbspbRegsFile 
*          1    00005040    00000025     UNINITIALIZED
                  00005040    00000025     DSP2833x_GlobalVariableDefs.obj (McbspbRegsFile)

ECanaRegsFile 
*          1    00006000    00000034     UNINITIALIZED
                  00006000    00000034     DSP2833x_GlobalVariableDefs.obj (ECanaRegsFile)

ECanaLAMRegsFile 
*          1    00006040    00000040     UNINITIALIZED
                  00006040    00000040     DSP2833x_GlobalVariableDefs.obj (ECanaLAMRegsFile)

ECanaMOTSRegsFile 
*          1    00006080    00000040     UNINITIALIZED
                  00006080    00000040     DSP2833x_GlobalVariableDefs.obj (ECanaMOTSRegsFile)

ECanaMOTORegsFile 
*          1    000060c0    00000040     UNINITIALIZED
                  000060c0    00000040     DSP2833x_GlobalVariableDefs.obj (ECanaMOTORegsFile)

ECanaMboxesFile 
*          1    00006100    00000100     UNINITIALIZED
                  00006100    00000100     DSP2833x_GlobalVariableDefs.obj (ECanaMboxesFile)

ECanbRegsFile 
*          1    00006200    00000034     UNINITIALIZED
                  00006200    00000034     DSP2833x_GlobalVariableDefs.obj (ECanbRegsFile)

ECanbLAMRegsFile 
*          1    00006240    00000040     UNINITIALIZED
                  00006240    00000040     DSP2833x_GlobalVariableDefs.obj (ECanbLAMRegsFile)

ECanbMOTSRegsFile 
*          1    00006280    00000040     UNINITIALIZED
                  00006280    00000040     DSP2833x_GlobalVariableDefs.obj (ECanbMOTSRegsFile)

ECanbMOTORegsFile 
*          1    000062c0    00000040     UNINITIALIZED
                  000062c0    00000040     DSP2833x_GlobalVariableDefs.obj (ECanbMOTORegsFile)

ECanbMboxesFile 
*          1    00006300    00000100     UNINITIALIZED
                  00006300    00000100     DSP2833x_GlobalVariableDefs.obj (ECanbMboxesFile)

EPwm1RegsFile 
*          1    00006800    00000022     UNINITIALIZED
                  00006800    00000022     DSP2833x_GlobalVariableDefs.obj (EPwm1RegsFile)

EPwm2RegsFile 
*          1    00006840    00000022     UNINITIALIZED
                  00006840    00000022     DSP2833x_GlobalVariableDefs.obj (EPwm2RegsFile)

EPwm3RegsFile 
*          1    00006880    00000022     UNINITIALIZED
                  00006880    00000022     DSP2833x_GlobalVariableDefs.obj (EPwm3RegsFile)

EPwm4RegsFile 
*          1    000068c0    00000022     UNINITIALIZED
                  000068c0    00000022     DSP2833x_GlobalVariableDefs.obj (EPwm4RegsFile)

EPwm5RegsFile 
*          1    00006900    00000022     UNINITIALIZED
                  00006900    00000022     DSP2833x_GlobalVariableDefs.obj (EPwm5RegsFile)

EPwm6RegsFile 
*          1    00006940    00000022     UNINITIALIZED
                  00006940    00000022     DSP2833x_GlobalVariableDefs.obj (EPwm6RegsFile)

ECap1RegsFile 
*          1    00006a00    00000020     UNINITIALIZED
                  00006a00    00000020     DSP2833x_GlobalVariableDefs.obj (ECap1RegsFile)

ECap2RegsFile 
*          1    00006a20    00000020     UNINITIALIZED
                  00006a20    00000020     DSP2833x_GlobalVariableDefs.obj (ECap2RegsFile)

ECap3RegsFile 
*          1    00006a40    00000020     UNINITIALIZED
                  00006a40    00000020     DSP2833x_GlobalVariableDefs.obj (ECap3RegsFile)

ECap4RegsFile 
*          1    00006a60    00000020     UNINITIALIZED
                  00006a60    00000020     DSP2833x_GlobalVariableDefs.obj (ECap4RegsFile)

ECap5RegsFile 
*          1    00006a80    00000020     UNINITIALIZED
                  00006a80    00000020     DSP2833x_GlobalVariableDefs.obj (ECap5RegsFile)

ECap6RegsFile 
*          1    00006aa0    00000020     UNINITIALIZED
                  00006aa0    00000020     DSP2833x_GlobalVariableDefs.obj (ECap6RegsFile)

EQep1RegsFile 
*          1    00006b00    00000040     UNINITIALIZED
                  00006b00    00000040     DSP2833x_GlobalVariableDefs.obj (EQep1RegsFile)

EQep2RegsFile 
*          1    00006b40    00000040     UNINITIALIZED
                  00006b40    00000040     DSP2833x_GlobalVariableDefs.obj (EQep2RegsFile)

GpioCtrlRegsFile 
*          1    00006f80    0000002e     UNINITIALIZED
                  00006f80    0000002e     DSP2833x_GlobalVariableDefs.obj (GpioCtrlRegsFile)

GpioDataRegsFile 
*          1    00006fc0    00000020     UNINITIALIZED
                  00006fc0    00000020     DSP2833x_GlobalVariableDefs.obj (GpioDataRegsFile)

GpioIntRegsFile 
*          1    00006fe0    0000000a     UNINITIALIZED
                  00006fe0    0000000a     DSP2833x_GlobalVariableDefs.obj (GpioIntRegsFile)

SysCtrlRegsFile 
*          1    00007010    00000020     UNINITIALIZED
                  00007010    00000020     DSP2833x_GlobalVariableDefs.obj (SysCtrlRegsFile)

SpiaRegsFile 
*          1    00007040    00000010     UNINITIALIZED
                  00007040    00000010     DSP2833x_GlobalVariableDefs.obj (SpiaRegsFile)

SciaRegsFile 
*          1    00007050    00000010     UNINITIALIZED
                  00007050    00000010     DSP2833x_GlobalVariableDefs.obj (SciaRegsFile)

XIntruptRegsFile 
*          1    00007070    00000010     UNINITIALIZED
                  00007070    00000010     DSP2833x_GlobalVariableDefs.obj (XIntruptRegsFile)

AdcRegsFile 
*          1    00007100    0000001e     UNINITIALIZED
                  00007100    0000001e     DSP2833x_GlobalVariableDefs.obj (AdcRegsFile)

ScibRegsFile 
*          1    00007750    00000010     UNINITIALIZED
                  00007750    00000010     DSP2833x_GlobalVariableDefs.obj (ScibRegsFile)

ScicRegsFile 
*          1    00007770    00000010     UNINITIALIZED
                  00007770    00000010     DSP2833x_GlobalVariableDefs.obj (ScicRegsFile)

I2caRegsFile 
*          1    00007900    00000022     UNINITIALIZED
                  00007900    00000022     DSP2833x_GlobalVariableDefs.obj (I2caRegsFile)

.ebss      1    00008000    00000804     UNINITIALIZED
                  00008000    00000558     EditProgram.obj (.ebss)
                  00008558    00000018     DSP2833x_CpuTimers.obj (.ebss)
                  00008570    0000000a     Manipulatorv3.2.1.obj (.ebss)
                  0000857a    00000004     Man_MCX31xAS.obj (.ebss)
                  0000857e    00000002     Man_Nandflash.obj (.ebss)
                  00008580    00000100     kinematic_explain.obj (.ebss)
                  00008680    00000080     DSP2833x_DefaultIsr.obj (.ebss)
                  00008700    00000060     Touch_screen.obj (.ebss)
                  00008760    00000012     My_Project.obj (.ebss)
                  00008772    00000008     KeyboardDriver.obj (.ebss)
                  0000877a    00000004     rts2800_fpu32.lib : _lock.obj (.ebss)
                  0000877e    00000001     DSP2833x_Sci.obj (.ebss)
                  0000877f    00000001     Man_DriverScreen.obj (.ebss)
                  00008780    0000004f     DSP28335_Spi.obj (.ebss)
                  000087cf    00000001     rts2800_fpu32.lib : errno.obj (.ebss)
                  000087d0    00000030     ScreenApi.obj (.ebss)
                  00008800    00000004     rts2800_fpu32.lib : exit.obj (.ebss)

.stack     1    00009000    00001000     UNINITIALIZED
                  00009000    00001000     --HOLE--

.MY_MEM0   1    0000b000    00003f58     UNINITIALIZED
                  0000b000    00003eaa     EditProgram.obj (.MY_MEM0)
                  0000eeaa    00000016     --HOLE--
                  0000eec0    00000080     My_Project.obj (.MY_MEM0)
                  0000ef40    00000018     ScreenApi.obj (.MY_MEM0)

CsmPwlFile 
*          1    0033fff8    00000008     UNINITIALIZED
                  0033fff8    00000008     DSP2833x_GlobalVariableDefs.obj (CsmPwlFile)


GLOBAL DATA SYMBOLS: SORTED BY DATA PAGE

address     data page           name
--------    ----------------    ----
00000880      22 (00000880)     _DevEmuRegs

00000a80      2a (00000a80)     _FlashRegs

00000ae0      2b (00000ac0)     _CsmRegs

00000b00      2c (00000b00)     _AdcMirror
00000b20      2c (00000b00)     _XintfRegs

00000c00      30 (00000c00)     _CpuTimer0Regs
00000c08      30 (00000c00)     _CpuTimer1Regs
00000c10      30 (00000c00)     _CpuTimer2Regs

00000ce0      33 (00000cc0)     _PieCtrlRegs

00000d00      34 (00000d00)     _PieVectTable

00001000      40 (00001000)     _DmaRegs

00005000     140 (00005000)     _McbspaRegs

00005040     141 (00005040)     _McbspbRegs

00006000     180 (00006000)     _ECanaRegs

00006040     181 (00006040)     _ECanaLAMRegs

00006080     182 (00006080)     _ECanaMOTSRegs

000060c0     183 (000060c0)     _ECanaMOTORegs

00006100     184 (00006100)     _ECanaMboxes

00006200     188 (00006200)     _ECanbRegs

00006240     189 (00006240)     _ECanbLAMRegs

00006280     18a (00006280)     _ECanbMOTSRegs

000062c0     18b (000062c0)     _ECanbMOTORegs

00006300     18c (00006300)     _ECanbMboxes

00006800     1a0 (00006800)     _EPwm1Regs

00006840     1a1 (00006840)     _EPwm2Regs

00006880     1a2 (00006880)     _EPwm3Regs

000068c0     1a3 (000068c0)     _EPwm4Regs

00006900     1a4 (00006900)     _EPwm5Regs

00006940     1a5 (00006940)     _EPwm6Regs

00006a00     1a8 (00006a00)     _ECap1Regs
00006a20     1a8 (00006a00)     _ECap2Regs

00006a40     1a9 (00006a40)     _ECap3Regs
00006a60     1a9 (00006a40)     _ECap4Regs

00006a80     1aa (00006a80)     _ECap5Regs
00006aa0     1aa (00006a80)     _ECap6Regs

00006b00     1ac (00006b00)     _EQep1Regs

00006b40     1ad (00006b40)     _EQep2Regs

00006f80     1be (00006f80)     _GpioCtrlRegs

00006fc0     1bf (00006fc0)     _GpioDataRegs
00006fe0     1bf (00006fc0)     _GpioIntRegs

00007010     1c0 (00007000)     _SysCtrlRegs

00007040     1c1 (00007040)     _SpiaRegs
00007050     1c1 (00007040)     _SciaRegs
00007070     1c1 (00007040)     _XIntruptRegs

00007100     1c4 (00007100)     _AdcRegs

00007750     1dd (00007740)     _ScibRegs
00007770     1dd (00007740)     _ScicRegs

00007900     1e4 (00007900)     _I2caRegs

00008006     200 (00008000)     _RX_POSITION_STA
00008008     200 (00008000)     _THE_FOUR_AIXS_XUANZHUAN
0000800a     200 (00008000)     _CURRENT_BAUD
00008028     200 (00008000)     _PART_ROBOT

00008040     201 (00008040)     _TOOL_END
00008062     201 (00008040)     _s_program_name_num

00008080     202 (00008080)     _s_tray

00008558     215 (00008540)     _CpuTimer1
00008560     215 (00008540)     _CpuTimer2
00008568     215 (00008540)     _CpuTimer0
00008570     215 (00008540)     _Teach_mode
00008571     215 (00008540)     _str
0000857a     215 (00008540)     _Ex7Start
0000857c     215 (00008540)     _Ex6Start
0000857e     215 (00008540)     _Ex0Start

00008682     21a (00008680)     _USART_RX_STA_B
00008686     21a (00008680)     _TIMER0_CNT

000086e0     21b (000086c0)     _USART_B_RX_BUF

0000871a     21c (00008700)     _PROG_IS_OVER
0000871c     21c (00008700)     _RUN_SUCCEED
00008722     21c (00008700)     _SERVO_ALARM

00008760     21d (00008740)     _G_CTRL_BUTTON
00008762     21d (00008740)     _PulseOfCircle_INVERSE
00008764     21d (00008740)     _EX_POSITION
0000877a     21d (00008740)     __unlock
0000877c     21d (00008740)     __lock
0000877e     21d (00008740)     _USART_RX_STA
0000877f     21d (00008740)     _crc_data

000087cf     21f (000087c0)     _errno

00008800     220 (00008800)     ___TI_cleanup_ptr
00008802     220 (00008800)     ___TI_dtors_ptr

00009000     240 (00009000)     __stack

0000eec0     3bb (0000eec0)     _ROBOT_PARAMETER

003101ee    c407 (003101c0)     _error_information

003112ee    c44b (003112c0)     _ROBOT_PARA_GH4440

0031136e    c44d (00311340)     _ROBOT_PARA_H4440

003113ee    c44f (003113c0)     _ROBOT_PARA_V6350

0031146e    c451 (00311440)     _ROBOT_PARA_V5350

003114ee    c453 (003114c0)     _ROBOT_PARA_GV6250

0031156e    c455 (00311540)     _ROBOT_PARA_H4560

003115ee    c457 (003115c0)     _ROBOT_PARA_H4450

0031166e    c459 (00311640)     _ROBOT_PARA_SV6350

003116ee    c45b (003116c0)     __ctypes_

003117f0    c45f (003117c0)     _PieVectTableInit

003118f0    c463 (003118c0)     _crc_table

00311ad0    c46b (00311ac0)     _LOST_ORIGIN

00311b20    c46c (00311b00)     _AXIS_LIMITED

00311b40    c46d (00311b40)     _INTERNAL_COMM_ERR
00311b5d    c46d (00311b40)     _EMERGENCY_STOP
00311b79    c46d (00311b40)     _KEEP_SAVE_BTN

00311b91    c46e (00311b80)     _READ_EX_ERR

00311bc2    c46f (00311bc0)     _EXPORT_SUCCESSFUL
00311bd7    c46f (00311bc0)     _IMPORT_SUCCESSFUL
00311bec    c46f (00311bc0)     _NAME_EMPTY

00311c15    c470 (00311c00)     _BRAKES_CLOSING
00311c29    c470 (00311c00)     _STORAGE_FULL

00311c65    c471 (00311c40)     _SAVE_FAILED
00311c76    c471 (00311c40)     _SERVO_OFF

00311c86    c472 (00311c80)     _NAME_TOO_LONG
00311ca3    c472 (00311c80)     _FLASH_ERROR
00311cb0    c472 (00311c80)     _NAME_REPETITION
00311cbd    c472 (00311c80)     _NO_PROGRAM

00311d0b    c474 (00311d00)     __ERROR

0033fff8    cfff (0033ffc0)     _CsmPwl

003febdc    ffaf (003febc0)     _FPUsinTable

003fecdc    ffb3 (003fecc0)     _FPUcosTable

003fefdc    ffbf (003fefc0)     _FPUsinTableEnd

003ff0de    ffc3 (003ff0c0)     _FPUatan2HalfPITable
003ff0de    ffc3 (003ff0c0)     _FPUcosTableEnd
003ff0e2    ffc3 (003ff0c0)     _FPUatan2Table

003ff268    ffc9 (003ff240)     _FPUatan2TableEnd


GLOBAL SYMBOLS: SORTED ALPHABETICALLY BY Name 

address    name
--------   ----
00300000   .text
003100f0   C$$EXIT
0030f756   FD$$ADD
0030fe91   FD$$CMP
0030f7f2   FD$$DIV
0030f902   FD$$MPY
003101bc   FD$$NEG
00310175   FD$$SUB
0030ff5a   FD$$TOFS
0030ffc1   FD$$TOI
00310044   FD$$TOL
00310109   FS$$DIV
0031009f   FS$$TOFD
0030ff34   FS$$TOLL
0030ff9f   I$$DIV
0030ffb0   I$$MOD
0030febb   L$$DIV
0030feca   L$$MOD
003100bb   L$$TOFD
00310122   LL$$AND
00310081   LL$$CMP
0030f48a   LL$$DIV
0030f4c6   LL$$MOD
0031014e   LL$$MPY
0031012a   LL$$OR
00310024   LL$$TOFS
00310132   LL$$XOR
003101a8   U$$DIV
003101ad   U$$MOD
0030fed8   UL$$DIV
0030fedf   UL$$MOD
00310093   ULL$$CMP
0030f500   ULL$$DIV
0030f52f   ULL$$MOD
0030c944   _ADCINT_ISR
00380080   _ADC_cal
00311b20   _AXIS_LIMITED
00000b00   _AdcMirror
00007100   _AdcRegs
0030faa4   _AddCRC16
0030b14e   _AlarmOutput
0030b74d   _AngleToPulse
00305af8   _AngleToStrings
0030a7ea   _AxisSingleRun
00311c15   _BRAKES_CLOSING
0030aa50   _BaseCoordSlineFixedDistance
0030aa93   _BaseCoordSlineMinPrecisionRun
0030a97a   _BaseCoordSlineRun
003090cf   _BuildProgram
0000800a   _CURRENT_BAUD
003034fd   _CapturePositionDataInRow
0030d342   _Changescreen
0030fac0   _CheckCRC16
00308e4c   _CheckGrammar
0030ecdb   _CheckInvalidBlock
003035ac   _CheckPnum
003036a8   _CheckPositionState
00305e06   _CheckPrgName
0030bb31   _CheckScreenConnectState
0030b482   _CircleInterpolation
0030e0d6   _Clear
0030b972   _ClearAlarm
0030b979   _ClearAlarmInfo
0030b8cf   _ClearOrigin
003033e1   _ClearProgramPulseData
003042c1   _ClearReturnStack
00303775   _ClearRowChar
0030bb1c   _ClearServoAlarm
0030e11c   _ClearStopProgramFlag
00305e47   _ClearTrayData
0030b18c   _CloseBrake
0030bc3a   _CloseBuzzer
0030b1af   _CloseFan
0030cf08   _ColorPicker
00307dbe   _CompareCurrentGestureByAngle
0030e705   _CompareFrameData
00307dcb   _CompareGestureByTowAngle
00307de0   _CompareTowGesture
0030fbeb   _ConfigCpuTimer
00308960   _CoordinateConversionByEulerAngles
00303ce8   _CopyProgram
00008568   _CpuTimer0
00000c00   _CpuTimer0Regs
00008558   _CpuTimer1
00000c08   _CpuTimer1Regs
00008560   _CpuTimer2
00000c10   _CpuTimer2Regs
0030fa92   _Crc16
0033fff8   _CsmPwl
00000ae0   _CsmRegs
0030f663   _CsmUnlock
0030e7fd   _Cycle_Query_Uppermachine
0030c85d   _DATALOG_ISR
0030ca8e   _DINTCH1_ISR
0030ca99   _DINTCH2_ISR
0030caa4   _DINTCH3_ISR
0030caaf   _DINTCH4_ISR
0030caba   _DINTCH5_ISR
0030cac5   _DINTCH6_ISR
0030e19f   _DMACH1AddrConfig
0030e1a9   _DMACH1BurstConfig
0030e1c5   _DMACH1ModeConfig
0030e1b2   _DMACH1TransferConfig
0030e1bb   _DMACH1WrapConfig
0030e236   _DMACH2AddrConfig
0030e240   _DMACH2BurstConfig
0030e25c   _DMACH2ModeConfig
0030e249   _DMACH2TransferConfig
0030e252   _DMACH2WrapConfig
0030e2cd   _DMACH3AddrConfig
0030e2d7   _DMACH3BurstConfig
0030e2f3   _DMACH3ModeConfig
0030e2e0   _DMACH3TransferConfig
0030e2e9   _DMACH3WrapConfig
0030e364   _DMACH4AddrConfig
0030e36e   _DMACH4BurstConfig
0030e38a   _DMACH4ModeConfig
0030e377   _DMACH4TransferConfig
0030e380   _DMACH4WrapConfig
0030e400   _DMACH5AddrConfig
0030e40a   _DMACH5BurstConfig
0030e426   _DMACH5ModeConfig
0030e413   _DMACH5TransferConfig
0030e41c   _DMACH5WrapConfig
0030e49c   _DMACH6AddrConfig
0030e4a6   _DMACH6BurstConfig
0030e4c2   _DMACH6ModeConfig
0030e4af   _DMACH6TransferConfig
0030e4b8   _DMACH6WrapConfig
0030e195   _DMAInitialize
003101de   _DSP28x_DisableInt
003101e2   _DSP28x_RestoreInt
000005e0   _DSP28x_usDelay
0030ae04   _Data_To_Position
0030374e   _DeleteColumnChar
003035e8   _DeletePosition
00303c10   _DeleteProgram
00303787   _DeleteRow
00000880   _DevEmuRegs
0030bc94   _DeveloperMode_Off
0030bc93   _DeveloperMode_On
0030d036   _DisArea_Image
0030cfec   _DisCursor
0030d065   _DisCut_Image
0030cfbe   _DisData
0030d0bf   _DisFlashImage
0030d01d   _DisFull_Image
0030d240   _DisGifFrame
0030cf8a   _DisText
0030f5a4   _DisableDog
0030d358   _DisableEnableControlId
0030bc74   _DisableLimited
0030bc5e   _DisableServoAlarm
00300350   _DisplayErrInfo
003029d2   _DisplayUdiskError
0030d211   _DisplyLayer
00001000   _DmaRegs
0030cdfe   _ECAN0INTA_ISR
0030ce14   _ECAN0INTB_ISR
0030ce09   _ECAN1INTA_ISR
0030ce1f   _ECAN1INTB_ISR
0030c9f4   _ECAP1_INT_ISR
0030c9ff   _ECAP2_INT_ISR
0030ca0a   _ECAP3_INT_ISR
0030ca15   _ECAP4_INT_ISR
0030ca20   _ECAP5_INT_ISR
0030ca2b   _ECAP6_INT_ISR
00006040   _ECanaLAMRegs
000060c0   _ECanaMOTORegs
00006080   _ECanaMOTSRegs
00006100   _ECanaMboxes
00006000   _ECanaRegs
00006240   _ECanbLAMRegs
000062c0   _ECanbMOTORegs
00006280   _ECanbMOTSRegs
00006300   _ECanbMboxes
00006200   _ECanbRegs
00006a00   _ECap1Regs
00006a20   _ECap2Regs
00006a40   _ECap3Regs
00006a60   _ECap4Regs
00006a80   _ECap5Regs
00006aa0   _ECap6Regs
00311b5d   _EMERGENCY_STOP
0030ce7d   _EMPTY_ISR
0030c873   _EMUINT_ISR
0030c9b2   _EPWM1_INT_ISR
0030c970   _EPWM1_TZINT_ISR
0030c9bd   _EPWM2_INT_ISR
0030c97b   _EPWM2_TZINT_ISR
0030c9c8   _EPWM3_INT_ISR
0030c986   _EPWM3_TZINT_ISR
0030c9d3   _EPWM4_INT_ISR
0030c991   _EPWM4_TZINT_ISR
0030c9de   _EPWM5_INT_ISR
0030c99c   _EPWM5_TZINT_ISR
0030c9e9   _EPWM6_INT_ISR
0030c9a7   _EPWM6_TZINT_ISR
00006800   _EPwm1Regs
00006840   _EPwm2Regs
00006880   _EPwm3Regs
000068c0   _EPwm4Regs
00006900   _EPwm5Regs
00006940   _EPwm6Regs
0030ca36   _EQEP1_INT_ISR
0030ca41   _EQEP2_INT_ISR
00006b00   _EQep1Regs
00006b40   _EQep2Regs
00311bc2   _EXPORT_SUCCESSFUL
00008764   _EX_POSITION
0030ff04   _EnableInterrupts
0030bc7d   _EnableLimited
0030bc6b   _EnableServoAlarm
0030ebce   _EraseNandFlashBlock
0030bb78   _ErrCheck
0000857e   _Ex0Start
0000857c   _Ex6Start
0000857a   _Ex7Start
0030544b   _ExecuteAcc
00305470   _ExecuteBaud
0030550e   _ExecuteDisp
003042c6   _ExecuteDly
003053cb   _ExecuteElse
0030431c   _ExecuteEnd
00304322   _ExecuteFinish
00304990   _ExecuteFtx
00304fbf   _ExecuteFx
00304237   _ExecuteGosub
003041e9   _ExecuteGoto
003051f0   _ExecuteIf
00000050   _ExecuteMov
00000475   _ExecuteMvc
00000520   _ExecuteMvh
000003ca   _ExecuteMvr
00000215   _ExecuteMvs
003058cf   _ExecuteNetwork
00304dba   _ExecuteNx
003047f7   _ExecuteOpen
003047b0   _ExecuteOvrd
00305a43   _ExecutePart
003048ed   _ExecutePout
00304330   _ExecutePx
003056c9   _ExecuteRS232
003042a2   _ExecuteReturn
003054b0   _ExecuteRstd
0030482f   _ExecuteSpeed
00304325   _ExecuteStop
0030594a   _ExecuteTeamwork
0030534b   _ExecuteThen
003059b6   _ExecuteTool
00305989   _ExecuteToolLength
00304a10   _ExecuteTray
00304bcd   _ExecuteTx
00304923   _ExecuteWait
003062e1   _ExportProgram
00311ca3   _FLASH_ERROR
003ff0de   _FPUatan2HalfPITable
003ff0e2   _FPUatan2Table
003ff268   _FPUatan2TableEnd
003fecdc   _FPUcosTable
003ff0de   _FPUcosTableEnd
003febdc   _FPUsinTable
003fefdc   _FPUsinTableEnd
00000a80   _FlashRegs
0030ecc1   _FormatFlash
00306932   _FourAxisRobot_GetZ_LimitedFlg
00300000   _Fresh_program_name_num
0030cf2c   _GUI_CleanScreen
0030d0f3   _GUI_Line
0030d192   _GUI_PolygonFill
0030d128   _GUI_Rectangle
0030d15d   _GUI_RectangleFill
00008760   _G_CTRL_BUTTON
0030546c   _GetAcc
003079cb   _GetBestSolution
0030fa6d   _GetCRC16
0030341b   _GetCodeStrings
00308fd0   _GetCommand
0030d2ef   _GetControlValue
0030adb4   _GetCurrentAngle
003035ea   _GetCurrentAngleStrings
0030adde   _GetCurrentRadian
00303445   _GetCursorPosition
00306150   _GetExPrgName
0030610a   _GetExStorageState
0030344f   _GetLinesCurrentProgram
0030dd95   _GetModeState
0030487b   _GetOvrd
0030344b   _GetPage
003035f9   _GetPnumAngleStrings
00303628   _GetPositionAngleStrings
00306965   _GetPositionGesture
003061b2   _GetPositionNum
003034be   _GetPositionNumInRow
00303697   _GetPositionUsedNum
0030aded   _GetPosition_SCI
003033de   _GetProgramCode
00303484   _GetProgramName
00303473   _GetProgramNum
0030486a   _GetProgramRunSpeed
0030365d   _GetPxxPulseValue
00303463   _GetRowCode
003036c9   _GetRowPositionValue
0030be07   _GetSTM32USART_STA
0030d235   _GetScreen
003000ee   _GetScreenId
0030f080   _GetServoPARAM
0030bc8f   _GetSpeedMode
0030bdd4   _GetStm32Version
00305e5a   _GetTrayDefState
00305e4f   _GetTrayGridNum
0030bca8   _GetWR2state
0030d337   _Getscreen
00006f80   _GpioCtrlRegs
00006fc0   _GpioDataRegs
00006fe0   _GpioIntRegs
0030cad0   _I2CINT1A_ISR
0030cadb   _I2CINT2A_ISR
00007900   _I2caRegs
0030c889   _ILLEGAL_ISR
00311bd7   _IMPORT_SUCCESSFUL
0030c847   _INT13_ISR
0030c852   _INT14_ISR
00311b40   _INTERNAL_COMM_ERR
00300a1c   _IO_Screen_Switch
00306470   _ImportProgram
003036f0   _IncreaseColumnChar
00303712   _IncreaseEmptyRow
0031013a   _InitAdc
0030fbac   _InitCpuTimers
0030e96d   _InitData
0030f23a   _InitECan
0030f34e   _InitECanGpio
0030f23f   _InitECana
0030f333   _InitECanaGpio
0030f2b9   _InitECanb
0030f34e   _InitECanbGpio
0030fadd   _InitECap
0030faeb   _InitECap1Gpio
0030fafe   _InitECap2Gpio
0030fb0c   _InitECap3Gpio
0030fb1a   _InitECap4Gpio
0030fb28   _InitECap5Gpio
0030fb3a   _InitECap6Gpio
0030fade   _InitECapGpio
0030f692   _InitEPwm
0030f6a0   _InitEPwm1Gpio
0030f6b6   _InitEPwm2Gpio
0030f6cc   _InitEPwm3Gpio
0030f6e4   _InitEPwm4Gpio
0030f6fc   _InitEPwm5Gpio
0030f712   _InitEPwm6Gpio
0030f693   _InitEPwmGpio
0030f728   _InitEPwmSyncGpio
0030fb4c   _InitEQep
0030fb52   _InitEQep1Gpio
0030fb81   _InitEQep2Gpio
0030fb4d   _InitEQepGpio
000005c3   _InitFlash
0030ff7d   _InitGpio
00310063   _InitI2C
00310064   _InitI2CGpio
0030ee2a   _InitMcbsp
0030ef27   _InitMcbspGpio
0030ee2f   _InitMcbspa
0030ee91   _InitMcbspa12bit
0030ee9f   _InitMcbspa16bit
0030eead   _InitMcbspa20bit
0030eebb   _InitMcbspa24bit
0030eec9   _InitMcbspa32bit
0030ee87   _InitMcbspa8bit
0030ef2c   _InitMcbspaGpio
0030ee5b   _InitMcbspb
0030eee1   _InitMcbspb12bit
0030eeef   _InitMcbspb16bit
0030eefd   _InitMcbspb20bit
0030ef0b   _InitMcbspb24bit
0030ef19   _InitMcbspb32bit
0030eed7   _InitMcbspb8bit
0030ef70   _InitMcbspbGpio
0030e8e5   _InitMcu
0030d896   _InitMcx31x
0030f5fd   _InitPeripheralClocks
0030fee5   _InitPieCtrl
00310162   _InitPieVectTable
0030f5b3   _InitPll
0030e985   _InitRobotPara
0030eb7c   _InitRobotState
0030f87d   _InitSci
0030f8ab   _InitSciGpio
0030f8b0   _InitSciaGpio
0030f8cb   _InitScibGpio
0030f8e5   _InitScicGpio
0030fcad   _InitSpi
0030fcc4   _InitSpiGpio
0030fcc4   _InitSpiaGpio
0030f591   _InitSysCtrl
0030f743   _InitTzGpio
0030f10c   _InitXintf
0030f1d3   _InitXintf16Gpio
0030f183   _InitXintf32Gpio
003037e0   _IsProgramValid
0030b21a   _JointInterpolation
0030dda6   _JudgeKeyboardValue
0030e6e3   _JudgeReceiveData
0030e6ad   _JudgeReceiveFrame
00311b79   _KEEP_SAVE_BTN
0030e102   _KeyBoard_PressDown
0030e0e0   _KeyBoard_PressOK
0030e0ec   _KeyBoard_PressStop
0030e0f7   _KeyBoard_PressUp
0030e10d   _KeyBoard_Shift
0030e120   _KeyBoard_StopSpeed
0030de03   _KeyboardDataProcessing
00311ad0   _LOST_ORIGIN
0030ce72   _LUF_ISR
0030ce67   _LVF_ISR
0030b2fe   _LinearInterpolation
0030ca78   _MRINTA_ISR
0030ca62   _MRINTB_ISR
0030ca83   _MXINTA_ISR
0030ca6d   _MXINTB_ISR
00005000   _McbspaRegs
00005040   _McbspbRegs
00310190   _MemCopy
0030486e   _ModifyAllSpeed
003037b1   _ModifyCursorPosition
00304880   _ModifyOvrd
003037d8   _ModifyPage
00305e63   _ModifyPosition
00307db0   _ModifyPositionGesture
00307ea4   _ModifyPositionValue
00307ead   _ModifyPxValue
00307eb2   _ModifyPyValue
00307eb7   _ModifyPzValue
003048b6   _ModifySpeed
0030ac21   _MovePulse
00307e86   _MovePx
00307e6e   _MovePxyz
00307e90   _MovePy
00307e9a   _MovePz
00305bc9   _My_DoubleToString
00311bec   _NAME_EMPTY
00311cb0   _NAME_REPETITION
00311c86   _NAME_TOO_LONG
0030eb7d   _NAND_INIT
0030ec5d   _NAND_READ_PAG
0030ebf2   _NAND_WRITE_PAG
0030c87e   _NMI_ISR
00311cbd   _NO_PROGRAM
0030382d   _NewProgram
0030b172   _OpenBrake
0030bc35   _OpenBuzzer
0030b1a5   _OpenFan
003039e1   _OpenProgram
00008028   _PART_ROBOT
0030ce8a   _PIE_RESERVED
0000871a   _PROG_IS_OVER
00308d81   _PartPosToToolPos
003041b6   _Pause_network_function
00000ce0   _PieCtrlRegs
00000d00   _PieVectTable
003117f0   _PieVectTableInit
003041e8   _ProgramRun
003040f4   _ProgramRunWithPointer
003040d1   _ProgramRuningFlag
00303f40   _ProgramStepRun
00303df4   _ProgramStepRun_Code
00008762   _PulseOfCircle_INVERSE
0030b7cd   _PulseToAngle
00311b91   _READ_EX_ERR
0000eec0   _ROBOT_PARAMETER
003112ee   _ROBOT_PARA_GH4440
003114ee   _ROBOT_PARA_GV6250
0031136e   _ROBOT_PARA_H4440
003115ee   _ROBOT_PARA_H4450
0031156e   _ROBOT_PARA_H4560
0031166e   _ROBOT_PARA_SV6350
0031146e   _ROBOT_PARA_V5350
003113ee   _ROBOT_PARA_V6350
0030c868   _RTOSINT_ISR
0000871c   _RUN_SUCCEED
00008006   _RX_POSITION_STA
00328594   _RamfuncsLoadEnd
00328000   _RamfuncsLoadStart
00000050   _RamfuncsRunStart
0030edfd   _ReadAndSendProgramName
00303dde   _ReadAxisNumber
0030b1bf   _ReadBrakeState
0030acd5   _ReadCurrentPulseEp
0030ad88   _ReadCurrentPulseLp
0030d794   _ReadCv
0030d7d1   _ReadDriState
0030d924   _ReadEncoderPulse
0030d8cf   _ReadEncoderPulseAll
0030bcac   _ReadErrInfo
0030d850   _ReadErrState
0030ddfd   _ReadKeyboardValue
0030d6df   _ReadMCX312_RR4
0030d6f3   _ReadMCX312_RR5
0030d707   _ReadMCX314_RR4
0030ed82   _ReadNandFlashData
0030eba1   _ReadNandFlashId
0030b1c4   _ReadPinState
0030b1b9   _ReadPoutState
00303953   _ReadPrgPos
0030d757   _ReadPulseEp
0030d979   _ReadPulseJ1
0030da21   _ReadPulseJ2
0030dac9   _ReadPulseJ3
0030db71   _ReadPulseJ4
0030dc19   _ReadPulseJ5
0030dccb   _ReadPulseJ6
0030d71e   _ReadPulseLp
0030d642   _ReadRR1
0030d671   _ReadRR2
0030bcbe   _ReadRobotPara
0030bc3f   _ReadSaveButtonState
0030d3ab   _ReadTime
003001ac   _RecoverSpeed
0030bca1   _RecoverWR2
00303d18   _RenameProgram
0030b0f8   _ResetPoutState
0030d37f   _ResetTime
0030b866   _ReturnHome
0030b168   _RunningOutput
00311c65   _SAVE_FAILED
0030cc14   _SCIRXINTA_ISR
0030cc2a   _SCIRXINTB_ISR
0030cae6   _SCIRXINTC_ISR
0030cc1f   _SCITXINTA_ISR
0030cdf3   _SCITXINTB_ISR
0030cc09   _SCITXINTC_ISR
0030c918   _SEQ1INT_ISR
0030c923   _SEQ2INT_ISR
00008722   _SERVO_ALARM
00311c76   _SERVO_OFF
0030ca4c   _SPIRXINTA_ISR
0030ca57   _SPITXINTA_ISR
0030be5c   _STM32_USART_SentData
00311c29   _STORAGE_FULL
00303ddc   _SaveAxisNumber
00303547   _SavePositionData
00303588   _SavePositionState
00303a56   _SaveProgram
0030bd2f   _SaveRobotPara
00007050   _SciaRegs
00007750   _ScibRegs
00007770   _ScicRegs
0030cea0   _SendBeginCMD
0030cec1   _SendChar
0030fc1b   _SendCharB
0030e72f   _SendComponentNum
0030fc2d   _SendDataSciB
0030cea8   _SendEndCmd
0030e763   _SendManipulatorPositionValue
0030e7c8   _SendProgramName
0030e797   _SendProgramNum
0030fc22   _SendStringB
0030fc50   _SendStrings
0030f59a   _ServiceDog
0030bae2   _ServoOFF
0030ba87   _ServoON
0030bb03   _ServoON_OFF
0030bb0d   _ServoON_OFF_Single
0030d4bd   _SetAcac
0030d4d7   _SetAcc
0030bc45   _SetAlarmLimitedState
0030d60c   _SetAo
0030d1bb   _SetBackLight
0030cef5   _SetBcolor
0030d29e   _SetButtonValue
0030d1c9   _SetBuzzer
0030d1d7   _SetCommBps
0030d5e3   _SetCompm
0030d5ba   _SetCompp
0030d267   _SetControlValue
003032ec   _SetCurrentScreen
0030d310   _SetCursor
003101ea   _SetDBGIER
0030d4f1   _SetDec
0030d62a   _SetDriCmd
0030d591   _SetEp
0030cee2   _SetFcolor
0030cf6c   _SetFilterColor
0030cf48   _SetFont_Region
0030ceda   _SetHandShake
0030b1e1   _SetLimitedPosition
0030d568   _SetLp
0030d2b4   _SetMeterValue
0030dd99   _SetModeState
0030b0a1   _SetPoutState
0030d2b4   _SetProgressValue
0030d53f   _SetPulse
0030d525   _SetPulseFreq
0030d3b3   _SetRTCMode
0030d4a1   _SetRange
0030fc0a   _SetScibBaud
0030d21f   _SetScreen
0030efd1   _SetServoPARAM
00305e87   _SetSingleAxisAngle
0030d2b4   _SetSliderValue
0030b039   _SetSpeed
0030bc86   _SetSpeedMode_High
0030bc8b   _SetSpeedMode_Low
0030d50b   _SetStartV
0030cf34   _SetTextSpace
0030d2a7   _SetTextValue
0030d1e5   _SetTouchScreen
0030d1f3   _SetTouchScreen_Adj
00305fca   _SingleAxisAngleChange
0030e576   _SpiReceiveCmd
0030e5a5   _SpiReceiveData
0030e652   _SpiReceiveNetData
0030e554   _SpiSendCmd
0030e60d   _SpiSendData
0030e685   _SpiSendNetdata
0030e538   _SpiSendReadOneByte
00007040   _SpiaRegs
0030b15b   _StandbyOutput
0030e22e   _StartDMACH1
0030e2c5   _StartDMACH2
0030e35c   _StartDMACH3
0030e3f8   _StartDMACH4
0030e494   _StartDMACH5
0030e530   _StartDMACH6
0030e117   _StopProgramRunning
00305ad0   _StringCmp
00305da6   _StringToFloat
0030564b   _StringToPositionEuler
00305d80   _StringToUint
00007010   _SysCtrlRegs
00008008   _THE_FOUR_AIXS_XUANZHUAN
00008686   _TIMER0_CNT
0030c94f   _TINT0_ISR
00008040   _TOOL_END
00008570   _Teach_mode
0030d1fb   _TestTouchScreen
003085e6   _ToolPointToEndPoint
0030b5ab   _TranslationProccess
000086e0   _USART_B_RX_BUF
0000877e   _USART_RX_STA
00008682   _USART_RX_STA_B
0030c8f7   _USER10_ISR
0030c902   _USER11_ISR
0030c90d   _USER12_ISR
0030c894   _USER1_ISR
0030c89f   _USER2_ISR
0030c8aa   _USER3_ISR
0030c8b5   _USER4_ISR
0030c8c0   _USER5_ISR
0030c8cb   _USER6_ISR
0030c8d6   _USER7_ISR
0030c8e1   _USER8_ISR
0030c8ec   _USER9_ISR
0030acc4   _UpdateCurrentPositionGesture
00307dab   _UpdatePositionGesture
0030b97e   _UpdatePulseFromServo
0030ba1b   _UpdatePulseFromServoForEp
0030b040   _UpdateSpeed
0030c965   _WAKEINT_ISR
0030dd73   _WaitAbstReset
0030dd84   _WaitAbstSet
0030e814   _Warningup_Querydown
0030d203   _WriteLayer
0030d47b   _WriteMCX312_WR4
0030ed02   _WriteNandFlashData
0030d3eb   _WriteWR1
0030d407   _WriteWR2
0030d45a   _WriteWR3
0030d476   _WriteWR4
0030d485   _WriteWR5
0030acbf   _XEndCoordSlineRunM
0030acbe   _XEndCoordSlineRunP
0030c92e   _XINT1_ISR
0030c939   _XINT2_ISR
0030ce2a   _XINT3_ISR
0030ce35   _XINT4_ISR
0030ce40   _XINT5_ISR
0030ce4b   _XINT6_ISR
0030ce56   _XINT7_ISR
00007070   _XIntruptRegs
00000b20   _XintfRegs
0030acc1   _YEndCoordSlineRunM
0030acc0   _YEndCoordSlineRunP
0030acc3   _ZEndCoordSlineRunM
0030acc2   _ZEndCoordSlineRunP
00311d0b   __ERROR
0000a000   __STACK_END
00001000   __STACK_SIZE
00000001   __TI_args_main
00008800   ___TI_cleanup_ptr
00008802   ___TI_dtors_ptr
0030c757   ___TI_printfi
ffffffff   ___binit__
ffffffff   ___c_args__
00311db8   ___cinit__
003101ed   ___etext__
0030ffe2   ___memcpy_ff
ffffffff   ___pinit__
00300000   ___text__
003100d7   __args_main
003116ee   __ctypes_
0000877c   __lock
003101bb   __nop
003101b7   __register_lock
003101b3   __register_unlock
00009000   __stack
0000877a   __unlock
003100f0   _abort
0030f9fc   _acos
0030f985   _asin
0030fc5e   _atan2
0030fdd7   _atoi
0030fd3b   _atol
00307825   _backward_explain
00307772   _best_four_ag
0030769d   _best_one_ag
003076fd   _best_two_ag
0030fcf5   _c_int00
00307f28   _circle_parameter
00307f58   _circle_xy
00300d15   _clear_alarm
0030efbe   _clkg_delay_loop
00303cc1   _copy_program
0030fd6f   _cos
0030ff0d   _crc_cal_by_bit
0000877f   _crc_data
003118f0   _crc_table
0030fe37   _delay_1ms
0030fe47   _delay_1us
0030fe55   _delay_200ns
0030efab   _delay_loop
00300fed   _display_robot_para
003000f2   _display_servo_alarm
003025e1   _display_sixangle
00300263   _display_speed_meter
00308585   _drive_arc
000087cf   _errno
003101ee   _error_information
003100f2   _exit
003061c4   _export_program
003075d8   _first_position
0030765c   _fourth_position
00306a3a   _getAngle1_1
00306a9f   _getAngle1_2
00306c22   _getAngle2
00306cb7   _getAngle2_1
00306d80   _getAngle2_2
00306e49   _getAngle2_3
00306ead   _getAngle2_4
00306b06   _getAngle3_1
00306b95   _getAngle3_2
00306f15   _getAngle4_1
00306f9c   _getAngle4_2
00307461   _getAngle4_61
003074fd   _getAngle4_62
00307029   _getAngle5_1
003070fc   _getAngle5_2
003071cf   _getAngle6_1
00307318   _getAngle6_2
003067df   _getAx
00306837   _getAy
00306892   _getAz
00306547   _getNx
0030659a   _getNy
003065f2   _getNz
00306635   _getOx
003066d5   _getOy
00306784   _getOz
00303411   _get_f_value
003033ff   _get_n_value
00303408   _get_s_value
003068cd   _getx
003068f4   _gety
00306917   _getz
00308c0e   _hanshuming1
00308c57   _hanshuming2
00308d42   _hanshuming3
00306312   _import_program
00307fc0   _judge_three_point
00300281   _key_change_speed_value
00300233   _keyboard_speed_meter
00307688   _location_gesture
00305cc8   _longToString
0030fe65   _ltoa
0030e8b3   _main
003000b1   _manage_usart_return_value
00310183   _memccpy
0031019c   _memset
0030050e   _net_control_function
00307c2a   _reset_angle
00300c69   _return_home_network
00300fc9   _robot_para_compare
0030ce95   _rsvd_ISR
00008062   _s_program_name_num
00008080   _s_tray
0030003e   _scan_touch_screen
00307604   _second_position
0030ced3   _sendData
00300d41   _servo_motor
003011a5   _setting_robot_para
0030fda3   _sin
0030fe08   _sprintf
00310003   _sqrt
00008571   _str
00307ebc   _straight_x
00307ee0   _straight_y
00307f04   _straight_z
003101c5   _strcat
003101e5   _strcpy
003101d6   _strlen
0030f367   _strtod
00307f9b   _structrue_to_array
00301846   _teach_speed
00307630   _third_position
0030650e   _update_kinematic_parameter
003064a1   _update_sin_cos_data
0030e870   _warning_solve
ffffffff   binit
00311db8   cinit
0033fff6   code_start
003101ed   etext
ffffffff   pinit


GLOBAL SYMBOLS: SORTED BY Symbol Address 

address    name
--------   ----
00000001   __TI_args_main
00000050   _ExecuteMov
00000050   _RamfuncsRunStart
00000215   _ExecuteMvs
000003ca   _ExecuteMvr
00000475   _ExecuteMvc
00000520   _ExecuteMvh
000005c3   _InitFlash
000005e0   _DSP28x_usDelay
00000880   _DevEmuRegs
00000a80   _FlashRegs
00000ae0   _CsmRegs
00000b00   _AdcMirror
00000b20   _XintfRegs
00000c00   _CpuTimer0Regs
00000c08   _CpuTimer1Regs
00000c10   _CpuTimer2Regs
00000ce0   _PieCtrlRegs
00000d00   _PieVectTable
00001000   _DmaRegs
00001000   __STACK_SIZE
00005000   _McbspaRegs
00005040   _McbspbRegs
00006000   _ECanaRegs
00006040   _ECanaLAMRegs
00006080   _ECanaMOTSRegs
000060c0   _ECanaMOTORegs
00006100   _ECanaMboxes
00006200   _ECanbRegs
00006240   _ECanbLAMRegs
00006280   _ECanbMOTSRegs
000062c0   _ECanbMOTORegs
00006300   _ECanbMboxes
00006800   _EPwm1Regs
00006840   _EPwm2Regs
00006880   _EPwm3Regs
000068c0   _EPwm4Regs
00006900   _EPwm5Regs
00006940   _EPwm6Regs
00006a00   _ECap1Regs
00006a20   _ECap2Regs
00006a40   _ECap3Regs
00006a60   _ECap4Regs
00006a80   _ECap5Regs
00006aa0   _ECap6Regs
00006b00   _EQep1Regs
00006b40   _EQep2Regs
00006f80   _GpioCtrlRegs
00006fc0   _GpioDataRegs
00006fe0   _GpioIntRegs
00007010   _SysCtrlRegs
00007040   _SpiaRegs
00007050   _SciaRegs
00007070   _XIntruptRegs
00007100   _AdcRegs
00007750   _ScibRegs
00007770   _ScicRegs
00007900   _I2caRegs
00008006   _RX_POSITION_STA
00008008   _THE_FOUR_AIXS_XUANZHUAN
0000800a   _CURRENT_BAUD
00008028   _PART_ROBOT
00008040   _TOOL_END
00008062   _s_program_name_num
00008080   _s_tray
00008558   _CpuTimer1
00008560   _CpuTimer2
00008568   _CpuTimer0
00008570   _Teach_mode
00008571   _str
0000857a   _Ex7Start
0000857c   _Ex6Start
0000857e   _Ex0Start
00008682   _USART_RX_STA_B
00008686   _TIMER0_CNT
000086e0   _USART_B_RX_BUF
0000871a   _PROG_IS_OVER
0000871c   _RUN_SUCCEED
00008722   _SERVO_ALARM
00008760   _G_CTRL_BUTTON
00008762   _PulseOfCircle_INVERSE
00008764   _EX_POSITION
0000877a   __unlock
0000877c   __lock
0000877e   _USART_RX_STA
0000877f   _crc_data
000087cf   _errno
00008800   ___TI_cleanup_ptr
00008802   ___TI_dtors_ptr
00009000   __stack
0000a000   __STACK_END
0000eec0   _ROBOT_PARAMETER
00300000   .text
00300000   _Fresh_program_name_num
00300000   ___text__
0030003e   _scan_touch_screen
003000b1   _manage_usart_return_value
003000ee   _GetScreenId
003000f2   _display_servo_alarm
003001ac   _RecoverSpeed
00300233   _keyboard_speed_meter
00300263   _display_speed_meter
00300281   _key_change_speed_value
00300350   _DisplayErrInfo
0030050e   _net_control_function
00300a1c   _IO_Screen_Switch
00300c69   _return_home_network
00300d15   _clear_alarm
00300d41   _servo_motor
00300fc9   _robot_para_compare
00300fed   _display_robot_para
003011a5   _setting_robot_para
00301846   _teach_speed
003025e1   _display_sixangle
003029d2   _DisplayUdiskError
003032ec   _SetCurrentScreen
003033de   _GetProgramCode
003033e1   _ClearProgramPulseData
003033ff   _get_n_value
00303408   _get_s_value
00303411   _get_f_value
0030341b   _GetCodeStrings
00303445   _GetCursorPosition
0030344b   _GetPage
0030344f   _GetLinesCurrentProgram
00303463   _GetRowCode
00303473   _GetProgramNum
00303484   _GetProgramName
003034be   _GetPositionNumInRow
003034fd   _CapturePositionDataInRow
00303547   _SavePositionData
00303588   _SavePositionState
003035ac   _CheckPnum
003035e8   _DeletePosition
003035ea   _GetCurrentAngleStrings
003035f9   _GetPnumAngleStrings
00303628   _GetPositionAngleStrings
0030365d   _GetPxxPulseValue
00303697   _GetPositionUsedNum
003036a8   _CheckPositionState
003036c9   _GetRowPositionValue
003036f0   _IncreaseColumnChar
00303712   _IncreaseEmptyRow
0030374e   _DeleteColumnChar
00303775   _ClearRowChar
00303787   _DeleteRow
003037b1   _ModifyCursorPosition
003037d8   _ModifyPage
003037e0   _IsProgramValid
0030382d   _NewProgram
00303953   _ReadPrgPos
003039e1   _OpenProgram
00303a56   _SaveProgram
00303c10   _DeleteProgram
00303cc1   _copy_program
00303ce8   _CopyProgram
00303d18   _RenameProgram
00303ddc   _SaveAxisNumber
00303dde   _ReadAxisNumber
00303df4   _ProgramStepRun_Code
00303f40   _ProgramStepRun
003040d1   _ProgramRuningFlag
003040f4   _ProgramRunWithPointer
003041b6   _Pause_network_function
003041e8   _ProgramRun
003041e9   _ExecuteGoto
00304237   _ExecuteGosub
003042a2   _ExecuteReturn
003042c1   _ClearReturnStack
003042c6   _ExecuteDly
0030431c   _ExecuteEnd
00304322   _ExecuteFinish
00304325   _ExecuteStop
00304330   _ExecutePx
003047b0   _ExecuteOvrd
003047f7   _ExecuteOpen
0030482f   _ExecuteSpeed
0030486a   _GetProgramRunSpeed
0030486e   _ModifyAllSpeed
0030487b   _GetOvrd
00304880   _ModifyOvrd
003048b6   _ModifySpeed
003048ed   _ExecutePout
00304923   _ExecuteWait
00304990   _ExecuteFtx
00304a10   _ExecuteTray
00304bcd   _ExecuteTx
00304dba   _ExecuteNx
00304fbf   _ExecuteFx
003051f0   _ExecuteIf
0030534b   _ExecuteThen
003053cb   _ExecuteElse
0030544b   _ExecuteAcc
0030546c   _GetAcc
00305470   _ExecuteBaud
003054b0   _ExecuteRstd
0030550e   _ExecuteDisp
0030564b   _StringToPositionEuler
003056c9   _ExecuteRS232
003058cf   _ExecuteNetwork
0030594a   _ExecuteTeamwork
00305989   _ExecuteToolLength
003059b6   _ExecuteTool
00305a43   _ExecutePart
00305ad0   _StringCmp
00305af8   _AngleToStrings
00305bc9   _My_DoubleToString
00305cc8   _longToString
00305d80   _StringToUint
00305da6   _StringToFloat
00305e06   _CheckPrgName
00305e47   _ClearTrayData
00305e4f   _GetTrayGridNum
00305e5a   _GetTrayDefState
00305e63   _ModifyPosition
00305e87   _SetSingleAxisAngle
00305fca   _SingleAxisAngleChange
0030610a   _GetExStorageState
00306150   _GetExPrgName
003061b2   _GetPositionNum
003061c4   _export_program
003062e1   _ExportProgram
00306312   _import_program
00306470   _ImportProgram
003064a1   _update_sin_cos_data
0030650e   _update_kinematic_parameter
00306547   _getNx
0030659a   _getNy
003065f2   _getNz
00306635   _getOx
003066d5   _getOy
00306784   _getOz
003067df   _getAx
00306837   _getAy
00306892   _getAz
003068cd   _getx
003068f4   _gety
00306917   _getz
00306932   _FourAxisRobot_GetZ_LimitedFlg
00306965   _GetPositionGesture
00306a3a   _getAngle1_1
00306a9f   _getAngle1_2
00306b06   _getAngle3_1
00306b95   _getAngle3_2
00306c22   _getAngle2
00306cb7   _getAngle2_1
00306d80   _getAngle2_2
00306e49   _getAngle2_3
00306ead   _getAngle2_4
00306f15   _getAngle4_1
00306f9c   _getAngle4_2
00307029   _getAngle5_1
003070fc   _getAngle5_2
003071cf   _getAngle6_1
00307318   _getAngle6_2
00307461   _getAngle4_61
003074fd   _getAngle4_62
003075d8   _first_position
00307604   _second_position
00307630   _third_position
0030765c   _fourth_position
00307688   _location_gesture
0030769d   _best_one_ag
003076fd   _best_two_ag
00307772   _best_four_ag
00307825   _backward_explain
003079cb   _GetBestSolution
00307c2a   _reset_angle
00307dab   _UpdatePositionGesture
00307db0   _ModifyPositionGesture
00307dbe   _CompareCurrentGestureByAngle
00307dcb   _CompareGestureByTowAngle
00307de0   _CompareTowGesture
00307e6e   _MovePxyz
00307e86   _MovePx
00307e90   _MovePy
00307e9a   _MovePz
00307ea4   _ModifyPositionValue
00307ead   _ModifyPxValue
00307eb2   _ModifyPyValue
00307eb7   _ModifyPzValue
00307ebc   _straight_x
00307ee0   _straight_y
00307f04   _straight_z
00307f28   _circle_parameter
00307f58   _circle_xy
00307f9b   _structrue_to_array
00307fc0   _judge_three_point
00308585   _drive_arc
003085e6   _ToolPointToEndPoint
00308960   _CoordinateConversionByEulerAngles
00308c0e   _hanshuming1
00308c57   _hanshuming2
00308d42   _hanshuming3
00308d81   _PartPosToToolPos
00308e4c   _CheckGrammar
00308fd0   _GetCommand
003090cf   _BuildProgram
0030a7ea   _AxisSingleRun
0030a97a   _BaseCoordSlineRun
0030aa50   _BaseCoordSlineFixedDistance
0030aa93   _BaseCoordSlineMinPrecisionRun
0030ac21   _MovePulse
0030acbe   _XEndCoordSlineRunP
0030acbf   _XEndCoordSlineRunM
0030acc0   _YEndCoordSlineRunP
0030acc1   _YEndCoordSlineRunM
0030acc2   _ZEndCoordSlineRunP
0030acc3   _ZEndCoordSlineRunM
0030acc4   _UpdateCurrentPositionGesture
0030acd5   _ReadCurrentPulseEp
0030ad88   _ReadCurrentPulseLp
0030adb4   _GetCurrentAngle
0030adde   _GetCurrentRadian
0030aded   _GetPosition_SCI
0030ae04   _Data_To_Position
0030b039   _SetSpeed
0030b040   _UpdateSpeed
0030b0a1   _SetPoutState
0030b0f8   _ResetPoutState
0030b14e   _AlarmOutput
0030b15b   _StandbyOutput
0030b168   _RunningOutput
0030b172   _OpenBrake
0030b18c   _CloseBrake
0030b1a5   _OpenFan
0030b1af   _CloseFan
0030b1b9   _ReadPoutState
0030b1bf   _ReadBrakeState
0030b1c4   _ReadPinState
0030b1e1   _SetLimitedPosition
0030b21a   _JointInterpolation
0030b2fe   _LinearInterpolation
0030b482   _CircleInterpolation
0030b5ab   _TranslationProccess
0030b74d   _AngleToPulse
0030b7cd   _PulseToAngle
0030b866   _ReturnHome
0030b8cf   _ClearOrigin
0030b972   _ClearAlarm
0030b979   _ClearAlarmInfo
0030b97e   _UpdatePulseFromServo
0030ba1b   _UpdatePulseFromServoForEp
0030ba87   _ServoON
0030bae2   _ServoOFF
0030bb03   _ServoON_OFF
0030bb0d   _ServoON_OFF_Single
0030bb1c   _ClearServoAlarm
0030bb31   _CheckScreenConnectState
0030bb78   _ErrCheck
0030bc35   _OpenBuzzer
0030bc3a   _CloseBuzzer
0030bc3f   _ReadSaveButtonState
0030bc45   _SetAlarmLimitedState
0030bc5e   _DisableServoAlarm
0030bc6b   _EnableServoAlarm
0030bc74   _DisableLimited
0030bc7d   _EnableLimited
0030bc86   _SetSpeedMode_High
0030bc8b   _SetSpeedMode_Low
0030bc8f   _GetSpeedMode
0030bc93   _DeveloperMode_On
0030bc94   _DeveloperMode_Off
0030bca1   _RecoverWR2
0030bca8   _GetWR2state
0030bcac   _ReadErrInfo
0030bcbe   _ReadRobotPara
0030bd2f   _SaveRobotPara
0030bdd4   _GetStm32Version
0030be07   _GetSTM32USART_STA
0030be5c   _STM32_USART_SentData
0030c757   ___TI_printfi
0030c847   _INT13_ISR
0030c852   _INT14_ISR
0030c85d   _DATALOG_ISR
0030c868   _RTOSINT_ISR
0030c873   _EMUINT_ISR
0030c87e   _NMI_ISR
0030c889   _ILLEGAL_ISR
0030c894   _USER1_ISR
0030c89f   _USER2_ISR
0030c8aa   _USER3_ISR
0030c8b5   _USER4_ISR
0030c8c0   _USER5_ISR
0030c8cb   _USER6_ISR
0030c8d6   _USER7_ISR
0030c8e1   _USER8_ISR
0030c8ec   _USER9_ISR
0030c8f7   _USER10_ISR
0030c902   _USER11_ISR
0030c90d   _USER12_ISR
0030c918   _SEQ1INT_ISR
0030c923   _SEQ2INT_ISR
0030c92e   _XINT1_ISR
0030c939   _XINT2_ISR
0030c944   _ADCINT_ISR
0030c94f   _TINT0_ISR
0030c965   _WAKEINT_ISR
0030c970   _EPWM1_TZINT_ISR
0030c97b   _EPWM2_TZINT_ISR
0030c986   _EPWM3_TZINT_ISR
0030c991   _EPWM4_TZINT_ISR
0030c99c   _EPWM5_TZINT_ISR
0030c9a7   _EPWM6_TZINT_ISR
0030c9b2   _EPWM1_INT_ISR
0030c9bd   _EPWM2_INT_ISR
0030c9c8   _EPWM3_INT_ISR
0030c9d3   _EPWM4_INT_ISR
0030c9de   _EPWM5_INT_ISR
0030c9e9   _EPWM6_INT_ISR
0030c9f4   _ECAP1_INT_ISR
0030c9ff   _ECAP2_INT_ISR
0030ca0a   _ECAP3_INT_ISR
0030ca15   _ECAP4_INT_ISR
0030ca20   _ECAP5_INT_ISR
0030ca2b   _ECAP6_INT_ISR
0030ca36   _EQEP1_INT_ISR
0030ca41   _EQEP2_INT_ISR
0030ca4c   _SPIRXINTA_ISR
0030ca57   _SPITXINTA_ISR
0030ca62   _MRINTB_ISR
0030ca6d   _MXINTB_ISR
0030ca78   _MRINTA_ISR
0030ca83   _MXINTA_ISR
0030ca8e   _DINTCH1_ISR
0030ca99   _DINTCH2_ISR
0030caa4   _DINTCH3_ISR
0030caaf   _DINTCH4_ISR
0030caba   _DINTCH5_ISR
0030cac5   _DINTCH6_ISR
0030cad0   _I2CINT1A_ISR
0030cadb   _I2CINT2A_ISR
0030cae6   _SCIRXINTC_ISR
0030cc09   _SCITXINTC_ISR
0030cc14   _SCIRXINTA_ISR
0030cc1f   _SCITXINTA_ISR
0030cc2a   _SCIRXINTB_ISR
0030cdf3   _SCITXINTB_ISR
0030cdfe   _ECAN0INTA_ISR
0030ce09   _ECAN1INTA_ISR
0030ce14   _ECAN0INTB_ISR
0030ce1f   _ECAN1INTB_ISR
0030ce2a   _XINT3_ISR
0030ce35   _XINT4_ISR
0030ce40   _XINT5_ISR
0030ce4b   _XINT6_ISR
0030ce56   _XINT7_ISR
0030ce67   _LVF_ISR
0030ce72   _LUF_ISR
0030ce7d   _EMPTY_ISR
0030ce8a   _PIE_RESERVED
0030ce95   _rsvd_ISR
0030cea0   _SendBeginCMD
0030cea8   _SendEndCmd
0030cec1   _SendChar
0030ced3   _sendData
0030ceda   _SetHandShake
0030cee2   _SetFcolor
0030cef5   _SetBcolor
0030cf08   _ColorPicker
0030cf2c   _GUI_CleanScreen
0030cf34   _SetTextSpace
0030cf48   _SetFont_Region
0030cf6c   _SetFilterColor
0030cf8a   _DisText
0030cfbe   _DisData
0030cfec   _DisCursor
0030d01d   _DisFull_Image
0030d036   _DisArea_Image
0030d065   _DisCut_Image
0030d0bf   _DisFlashImage
0030d0f3   _GUI_Line
0030d128   _GUI_Rectangle
0030d15d   _GUI_RectangleFill
0030d192   _GUI_PolygonFill
0030d1bb   _SetBackLight
0030d1c9   _SetBuzzer
0030d1d7   _SetCommBps
0030d1e5   _SetTouchScreen
0030d1f3   _SetTouchScreen_Adj
0030d1fb   _TestTouchScreen
0030d203   _WriteLayer
0030d211   _DisplyLayer
0030d21f   _SetScreen
0030d235   _GetScreen
0030d240   _DisGifFrame
0030d267   _SetControlValue
0030d29e   _SetButtonValue
0030d2a7   _SetTextValue
0030d2b4   _SetMeterValue
0030d2b4   _SetProgressValue
0030d2b4   _SetSliderValue
0030d2ef   _GetControlValue
0030d310   _SetCursor
0030d337   _Getscreen
0030d342   _Changescreen
0030d358   _DisableEnableControlId
0030d37f   _ResetTime
0030d3ab   _ReadTime
0030d3b3   _SetRTCMode
0030d3eb   _WriteWR1
0030d407   _WriteWR2
0030d45a   _WriteWR3
0030d476   _WriteWR4
0030d47b   _WriteMCX312_WR4
0030d485   _WriteWR5
0030d4a1   _SetRange
0030d4bd   _SetAcac
0030d4d7   _SetAcc
0030d4f1   _SetDec
0030d50b   _SetStartV
0030d525   _SetPulseFreq
0030d53f   _SetPulse
0030d568   _SetLp
0030d591   _SetEp
0030d5ba   _SetCompp
0030d5e3   _SetCompm
0030d60c   _SetAo
0030d62a   _SetDriCmd
0030d642   _ReadRR1
0030d671   _ReadRR2
0030d6df   _ReadMCX312_RR4
0030d6f3   _ReadMCX312_RR5
0030d707   _ReadMCX314_RR4
0030d71e   _ReadPulseLp
0030d757   _ReadPulseEp
0030d794   _ReadCv
0030d7d1   _ReadDriState
0030d850   _ReadErrState
0030d896   _InitMcx31x
0030d8cf   _ReadEncoderPulseAll
0030d924   _ReadEncoderPulse
0030d979   _ReadPulseJ1
0030da21   _ReadPulseJ2
0030dac9   _ReadPulseJ3
0030db71   _ReadPulseJ4
0030dc19   _ReadPulseJ5
0030dccb   _ReadPulseJ6
0030dd73   _WaitAbstReset
0030dd84   _WaitAbstSet
0030dd95   _GetModeState
0030dd99   _SetModeState
0030dda6   _JudgeKeyboardValue
0030ddfd   _ReadKeyboardValue
0030de03   _KeyboardDataProcessing
0030e0d6   _Clear
0030e0e0   _KeyBoard_PressOK
0030e0ec   _KeyBoard_PressStop
0030e0f7   _KeyBoard_PressUp
0030e102   _KeyBoard_PressDown
0030e10d   _KeyBoard_Shift
0030e117   _StopProgramRunning
0030e11c   _ClearStopProgramFlag
0030e120   _KeyBoard_StopSpeed
0030e195   _DMAInitialize
0030e19f   _DMACH1AddrConfig
0030e1a9   _DMACH1BurstConfig
0030e1b2   _DMACH1TransferConfig
0030e1bb   _DMACH1WrapConfig
0030e1c5   _DMACH1ModeConfig
0030e22e   _StartDMACH1
0030e236   _DMACH2AddrConfig
0030e240   _DMACH2BurstConfig
0030e249   _DMACH2TransferConfig
0030e252   _DMACH2WrapConfig
0030e25c   _DMACH2ModeConfig
0030e2c5   _StartDMACH2
0030e2cd   _DMACH3AddrConfig
0030e2d7   _DMACH3BurstConfig
0030e2e0   _DMACH3TransferConfig
0030e2e9   _DMACH3WrapConfig
0030e2f3   _DMACH3ModeConfig
0030e35c   _StartDMACH3
0030e364   _DMACH4AddrConfig
0030e36e   _DMACH4BurstConfig
0030e377   _DMACH4TransferConfig
0030e380   _DMACH4WrapConfig
0030e38a   _DMACH4ModeConfig
0030e3f8   _StartDMACH4
0030e400   _DMACH5AddrConfig
0030e40a   _DMACH5BurstConfig
0030e413   _DMACH5TransferConfig
0030e41c   _DMACH5WrapConfig
0030e426   _DMACH5ModeConfig
0030e494   _StartDMACH5
0030e49c   _DMACH6AddrConfig
0030e4a6   _DMACH6BurstConfig
0030e4af   _DMACH6TransferConfig
0030e4b8   _DMACH6WrapConfig
0030e4c2   _DMACH6ModeConfig
0030e530   _StartDMACH6
0030e538   _SpiSendReadOneByte
0030e554   _SpiSendCmd
0030e576   _SpiReceiveCmd
0030e5a5   _SpiReceiveData
0030e60d   _SpiSendData
0030e652   _SpiReceiveNetData
0030e685   _SpiSendNetdata
0030e6ad   _JudgeReceiveFrame
0030e6e3   _JudgeReceiveData
0030e705   _CompareFrameData
0030e72f   _SendComponentNum
0030e763   _SendManipulatorPositionValue
0030e797   _SendProgramNum
0030e7c8   _SendProgramName
0030e7fd   _Cycle_Query_Uppermachine
0030e814   _Warningup_Querydown
0030e870   _warning_solve
0030e8b3   _main
0030e8e5   _InitMcu
0030e96d   _InitData
0030e985   _InitRobotPara
0030eb7c   _InitRobotState
0030eb7d   _NAND_INIT
0030eba1   _ReadNandFlashId
0030ebce   _EraseNandFlashBlock
0030ebf2   _NAND_WRITE_PAG
0030ec5d   _NAND_READ_PAG
0030ecc1   _FormatFlash
0030ecdb   _CheckInvalidBlock
0030ed02   _WriteNandFlashData
0030ed82   _ReadNandFlashData
0030edfd   _ReadAndSendProgramName
0030ee2a   _InitMcbsp
0030ee2f   _InitMcbspa
0030ee5b   _InitMcbspb
0030ee87   _InitMcbspa8bit
0030ee91   _InitMcbspa12bit
0030ee9f   _InitMcbspa16bit
0030eead   _InitMcbspa20bit
0030eebb   _InitMcbspa24bit
0030eec9   _InitMcbspa32bit
0030eed7   _InitMcbspb8bit
0030eee1   _InitMcbspb12bit
0030eeef   _InitMcbspb16bit
0030eefd   _InitMcbspb20bit
0030ef0b   _InitMcbspb24bit
0030ef19   _InitMcbspb32bit
0030ef27   _InitMcbspGpio
0030ef2c   _InitMcbspaGpio
0030ef70   _InitMcbspbGpio
0030efab   _delay_loop
0030efbe   _clkg_delay_loop
0030efd1   _SetServoPARAM
0030f080   _GetServoPARAM
0030f10c   _InitXintf
0030f183   _InitXintf32Gpio
0030f1d3   _InitXintf16Gpio
0030f23a   _InitECan
0030f23f   _InitECana
0030f2b9   _InitECanb
0030f333   _InitECanaGpio
0030f34e   _InitECanGpio
0030f34e   _InitECanbGpio
0030f367   _strtod
0030f48a   LL$$DIV
0030f4c6   LL$$MOD
0030f500   ULL$$DIV
0030f52f   ULL$$MOD
0030f591   _InitSysCtrl
0030f59a   _ServiceDog
0030f5a4   _DisableDog
0030f5b3   _InitPll
0030f5fd   _InitPeripheralClocks
0030f663   _CsmUnlock
0030f692   _InitEPwm
0030f693   _InitEPwmGpio
0030f6a0   _InitEPwm1Gpio
0030f6b6   _InitEPwm2Gpio
0030f6cc   _InitEPwm3Gpio
0030f6e4   _InitEPwm4Gpio
0030f6fc   _InitEPwm5Gpio
0030f712   _InitEPwm6Gpio
0030f728   _InitEPwmSyncGpio
0030f743   _InitTzGpio
0030f756   FD$$ADD
0030f7f2   FD$$DIV
0030f87d   _InitSci
0030f8ab   _InitSciGpio
0030f8b0   _InitSciaGpio
0030f8cb   _InitScibGpio
0030f8e5   _InitScicGpio
0030f902   FD$$MPY
0030f985   _asin
0030f9fc   _acos
0030fa6d   _GetCRC16
0030fa92   _Crc16
0030faa4   _AddCRC16
0030fac0   _CheckCRC16
0030fadd   _InitECap
0030fade   _InitECapGpio
0030faeb   _InitECap1Gpio
0030fafe   _InitECap2Gpio
0030fb0c   _InitECap3Gpio
0030fb1a   _InitECap4Gpio
0030fb28   _InitECap5Gpio
0030fb3a   _InitECap6Gpio
0030fb4c   _InitEQep
0030fb4d   _InitEQepGpio
0030fb52   _InitEQep1Gpio
0030fb81   _InitEQep2Gpio
0030fbac   _InitCpuTimers
0030fbeb   _ConfigCpuTimer
0030fc0a   _SetScibBaud
0030fc1b   _SendCharB
0030fc22   _SendStringB
0030fc2d   _SendDataSciB
0030fc50   _SendStrings
0030fc5e   _atan2
0030fcad   _InitSpi
0030fcc4   _InitSpiGpio
0030fcc4   _InitSpiaGpio
0030fcf5   _c_int00
0030fd3b   _atol
0030fd6f   _cos
0030fda3   _sin
0030fdd7   _atoi
0030fe08   _sprintf
0030fe37   _delay_1ms
0030fe47   _delay_1us
0030fe55   _delay_200ns
0030fe65   _ltoa
0030fe91   FD$$CMP
0030febb   L$$DIV
0030feca   L$$MOD
0030fed8   UL$$DIV
0030fedf   UL$$MOD
0030fee5   _InitPieCtrl
0030ff04   _EnableInterrupts
0030ff0d   _crc_cal_by_bit
0030ff34   FS$$TOLL
0030ff5a   FD$$TOFS
0030ff7d   _InitGpio
0030ff9f   I$$DIV
0030ffb0   I$$MOD
0030ffc1   FD$$TOI
0030ffe2   ___memcpy_ff
00310003   _sqrt
00310024   LL$$TOFS
00310044   FD$$TOL
00310063   _InitI2C
00310064   _InitI2CGpio
00310081   LL$$CMP
00310093   ULL$$CMP
0031009f   FS$$TOFD
003100bb   L$$TOFD
003100d7   __args_main
003100f0   C$$EXIT
003100f0   _abort
003100f2   _exit
00310109   FS$$DIV
00310122   LL$$AND
0031012a   LL$$OR
00310132   LL$$XOR
0031013a   _InitAdc
0031014e   LL$$MPY
00310162   _InitPieVectTable
00310175   FD$$SUB
00310183   _memccpy
00310190   _MemCopy
0031019c   _memset
003101a8   U$$DIV
003101ad   U$$MOD
003101b3   __register_unlock
003101b7   __register_lock
003101bb   __nop
003101bc   FD$$NEG
003101c5   _strcat
003101d6   _strlen
003101de   _DSP28x_DisableInt
003101e2   _DSP28x_RestoreInt
003101e5   _strcpy
003101ea   _SetDBGIER
003101ed   ___etext__
003101ed   etext
003101ee   _error_information
003112ee   _ROBOT_PARA_GH4440
0031136e   _ROBOT_PARA_H4440
003113ee   _ROBOT_PARA_V6350
0031146e   _ROBOT_PARA_V5350
003114ee   _ROBOT_PARA_GV6250
0031156e   _ROBOT_PARA_H4560
003115ee   _ROBOT_PARA_H4450
0031166e   _ROBOT_PARA_SV6350
003116ee   __ctypes_
003117f0   _PieVectTableInit
003118f0   _crc_table
00311ad0   _LOST_ORIGIN
00311b20   _AXIS_LIMITED
00311b40   _INTERNAL_COMM_ERR
00311b5d   _EMERGENCY_STOP
00311b79   _KEEP_SAVE_BTN
00311b91   _READ_EX_ERR
00311bc2   _EXPORT_SUCCESSFUL
00311bd7   _IMPORT_SUCCESSFUL
00311bec   _NAME_EMPTY
00311c15   _BRAKES_CLOSING
00311c29   _STORAGE_FULL
00311c65   _SAVE_FAILED
00311c76   _SERVO_OFF
00311c86   _NAME_TOO_LONG
00311ca3   _FLASH_ERROR
00311cb0   _NAME_REPETITION
00311cbd   _NO_PROGRAM
00311d0b   __ERROR
00311db8   ___cinit__
00311db8   cinit
00328000   _RamfuncsLoadStart
00328594   _RamfuncsLoadEnd
0033fff6   code_start
0033fff8   _CsmPwl
00380080   _ADC_cal
003febdc   _FPUsinTable
003fecdc   _FPUcosTable
003fefdc   _FPUsinTableEnd
003ff0de   _FPUatan2HalfPITable
003ff0de   _FPUcosTableEnd
003ff0e2   _FPUatan2Table
003ff268   _FPUatan2TableEnd
ffffffff   ___binit__
ffffffff   ___c_args__
ffffffff   ___pinit__
ffffffff   binit
ffffffff   pinit

[824 symbols]
